<html>
<body>
<pre>
<h1>µVision Build Log</h1>
<h2>Tool Versions:</h2>
IDE-Version: ¦ÌVision V5.25.3.0
Copyright (C) 2018 ARM Ltd and ARM Germany GmbH. All rights reserved.
License Information: 123 2495231672@qq.com, 123, LIC=HF8SB-2WPT0-SEIH0-BM8T6-5MI3S-DI9YK
 
Tool Versions:
Toolchain:       MDK-ARM Professional  Version: 5.18
Toolchain Path:  D:\keil5\ARM\ARMCC\Bin
C Compiler:      Armcc.exe V5.06 update 1 (build 61)
Assembler:       Armasm.exe V5.06 update 1 (build 61)
Linker/Locator:  ArmLink.exe V5.06 update 1 (build 61)
Library Manager: ArmAr.exe V5.06 update 1 (build 61)
Hex Converter:   FromElf.exe V5.06 update 1 (build 61)
CPU DLL:         SARMCM3.DLL V5.18
Dialog DLL:      DCM.DLL V1.13.6.0
Target DLL:      STLink\ST-LINKIII-KEIL_SWO.dll V2.0.18.0
Dialog DLL:      TCM.DLL V1.14.8.0
 
<h2>Project:</h2>
D:\stm32-relevent\cube\rm\MDK-ARM\rm.uvprojx
Project File Date:  03/18/2022

<h2>Output:</h2>
*** Using Compiler 'V5.06 update 1 (build 61)', folder: 'D:\keil5\ARM\ARMCC\Bin'
Rebuild target 'rm'
assembling startup_stm32f427xx.s...
compiling usart.c...
compiling stm32f4xx_it.c...
compiling tim.c...
compiling gpio.c...
compiling can.c...
compiling main.c...
../Inc/grip.h(12): warning:  #1295-D: Deprecated declaration init_pos - give arg types
  void init_pos();
../Inc/grip.h(13): warning:  #1295-D: Deprecated declaration move_get - give arg types
  void move_get();
../Inc/grip.h(14): warning:  #1295-D: Deprecated declaration move_put - give arg types
  void move_put();
../Inc/grip.h(15): warning:  #1295-D: Deprecated declaration move_get2 - give arg types
  void move_get2();
../Inc/grip.h(16): warning:  #1295-D: Deprecated declaration up - give arg types
  void up();
../Inc/grip.h(29): warning:  #1-D: last line of file ends without a newline
  #endif
../Src/main.c(77): warning:  #188-D: enumerated type mixed with another type
  	HAL_GPIO_WritePin(
PIOG,
PIO_PIN_1,1);
../Src/main.c(88): warning:  #223-D: function "can_user_init" declared implicitly
  	can_user_init(&hcan1);
../Src/main.c: 8 warnings, 0 errors
compiling freertos.c...
../Inc/motor_pid.h(5): warning:  #1-D: last line of file ends without a newline
  #endif
../Inc/grip.h(12): warning:  #1295-D: Deprecated declaration init_pos - give arg types
  void init_pos();
../Inc/grip.h(13): warning:  #1295-D: Deprecated declaration move_get - give arg types
  void move_get();
../Inc/grip.h(14): warning:  #1295-D: Deprecated declaration move_put - give arg types
  void move_put();
../Inc/grip.h(15): warning:  #1295-D: Deprecated declaration move_get2 - give arg types
  void move_get2();
../Inc/grip.h(16): warning:  #1295-D: Deprecated declaration up - give arg types
  void up();
../Inc/grip.h(29): warning:  #1-D: last line of file ends without a newline
  #endif
../Src/freertos.c(188): warning:  #223-D: function "printf" declared implicitly
  						printf(" angle = %f \n ",servoAngle[i]);
../Src/freertos.c: 8 warnings, 0 errors
compiling stm32f4xx_hal_msp.c...
compiling stm32f4xx_hal_tim_ex.c...
compiling stm32f4xx_hal_uart.c...
compiling stm32f4xx_hal_timebase_tim.c...
compiling stm32f4xx_hal_can.c...
compiling stm32f4xx_hal_rcc.c...
compiling stm32f4xx_hal_tim.c...
compiling stm32f4xx_hal_flash_ramfunc.c...
compiling stm32f4xx_hal_flash_ex.c...
compiling stm32f4xx_hal_gpio.c...
compiling stm32f4xx_hal_flash.c...
compiling stm32f4xx_hal_rcc_ex.c...
compiling stm32f4xx_hal_dma.c...
compiling stm32f4xx_hal_dma_ex.c...
compiling stm32f4xx_hal_pwr.c...
compiling stm32f4xx_hal_pwr_ex.c...
compiling croutine.c...
compiling stm32f4xx_hal_cortex.c...
compiling stm32f4xx_hal.c...
compiling list.c...
compiling system_stm32f4xx.c...
compiling event_groups.c...
compiling timers.c...
compiling stm32f4xx_hal_exti.c...
compiling queue.c...
compiling stream_buffer.c...
compiling tasks.c...
compiling heap_4.c...
compiling grip.c...
../Inc/grip.h(12): warning:  #1295-D: Deprecated declaration init_pos - give arg types
  void init_pos();
../Inc/grip.h(13): warning:  #1295-D: Deprecated declaration move_get - give arg types
  void move_get();
../Inc/grip.h(14): warning:  #1295-D: Deprecated declaration move_put - give arg types
  void move_put();
../Inc/grip.h(15): warning:  #1295-D: Deprecated declaration move_get2 - give arg types
  void move_get2();
../Inc/grip.h(16): warning:  #1295-D: Deprecated declaration up - give arg types
  void up();
../Inc/grip.h(29): warning:  #1-D: last line of file ends without a newline
  #endif
../Inc/motor_pid.h(5): warning:  #1-D: last line of file ends without a newline
  #endif
grip.c(24): warning:  #1035-D: single-precision operand implicitly converted to double-precision
  				arr = 0.3*servoRefAngle[0] + 365;
grip.c(34): warning:  #1035-D: single-precision operand implicitly converted to double-precision
  				arr = 0.3*servoRefAngle[0] + 365;
grip.c(53): warning:  #1035-D: single-precision operand implicitly converted to double-precision
  				arr = 2.3*servoRefAngle[1] + 315;
grip.c(63): warning:  #1035-D: single-precision operand implicitly converted to double-precision
  				arr = 2.3*servoRefAngle[1] + 315;
grip.c(86): warning:  #1035-D: single-precision operand implicitly converted to double-precision
  				arr = 2.3*servoRefAngle[2] + 524;
grip.c(96): warning:  #1035-D: single-precision operand implicitly converted to double-precision
  				arr = 2.3*servoRefAngle[2] + 524;
grip.c(118): warning:  #1035-D: single-precision operand implicitly converted to double-precision
  				arr = 2.3*servoRefAngle[3] + 315;
grip.c(128): warning:  #1035-D: single-precision operand implicitly converted to double-precision
  				arr = 2.3*servoRefAngle[3] + 315;
grip.c(232): warning:  #1035-D: single-precision operand implicitly converted to double-precision
  	beta = acos((L1*L1+lp-L2*L2)/(2.0*L1*sqrt(lp))); //????Ê¹?Ã»¡¶???
grip.c(263): warning:  #1-D: last line of file ends without a newline
  	
grip.c: 17 warnings, 0 errors
compiling port.c...
compiling cmsis_os.c...
compiling pid.c...
compiling printf.c...
compiling bsp_can.c...
compiling motor_pid.c...
../Inc/grip.h(12): warning:  #1295-D: Deprecated declaration init_pos - give arg types
  void init_pos();
../Inc/grip.h(13): warning:  #1295-D: Deprecated declaration move_get - give arg types
  void move_get();
../Inc/grip.h(14): warning:  #1295-D: Deprecated declaration move_put - give arg types
  void move_put();
../Inc/grip.h(15): warning:  #1295-D: Deprecated declaration move_get2 - give arg types
  void move_get2();
../Inc/grip.h(16): warning:  #1295-D: Deprecated declaration up - give arg types
  void up();
../Inc/grip.h(29): warning:  #1-D: last line of file ends without a newline
  #endif
../Inc/motor_pid.h(5): warning:  #1-D: last line of file ends without a newline
  #endif
motor_pid.c(27): warning:  #1-D: last line of file ends without a newline
  }
motor_pid.c: 8 warnings, 0 errors
linking...
Program Size: Code=22564 RO-data=844 RW-data=172 ZI-data=17980  
FromELF: creating hex file...
"rm\rm.axf" - 0 Error(s), 41 Warning(s).

<h2>Software Packages used:</h2>

Package Vendor: ARM
                http://www.keil.com/pack/ARM.CMSIS.5.8.0.pack
                ARM.CMSIS.5.8.0
                CMSIS (Common Microcontroller Software Interface Standard)
   * Component: CORE Version: 5.5.0

Package Vendor: Keil
                http://www.keil.com/pack/Keil.STM32F4xx_DFP.2.15.0.pack
                Keil.STM32F4xx_DFP.2.15.0
                STMicroelectronics STM32F4 Series Device Support, Drivers and Examples

<h2>Collection of Component include folders:</h2>
  .\RTE\_rm
  D:\keil\ARM\PACK\ARM\CMSIS\5.8.0\CMSIS\Core\Include
  D:\keil\ARM\PACK\Keil\STM32F4xx_DFP\2.15.0\Drivers\CMSIS\Device\ST\STM32F4xx\Include

<h2>Collection of Component Files used:</h2>

   * Component: ARM::CMSIS:CORE:5.5.0
Build Time Elapsed:  00:00:32
</pre>
</body>
</html>
