Component: ARM Compiler 5.06 update 1 (build 61) Tool: armlink [4d35a8]

==============================================================================

Section Cross References

    startup_stm32f427xx.o(RESET) refers to startup_stm32f427xx.o(STACK) for __initial_sp
    startup_stm32f427xx.o(RESET) refers to startup_stm32f427xx.o(.text) for Reset_Handler
    startup_stm32f427xx.o(RESET) refers to stm32f4xx_it.o(i.NMI_Handler) for NMI_Handler
    startup_stm32f427xx.o(RESET) refers to stm32f4xx_it.o(i.HardFault_Handler) for HardFault_Handler
    startup_stm32f427xx.o(RESET) refers to stm32f4xx_it.o(i.MemManage_Handler) for MemManage_Handler
    startup_stm32f427xx.o(RESET) refers to stm32f4xx_it.o(i.BusFault_Handler) for BusFault_Handler
    startup_stm32f427xx.o(RESET) refers to stm32f4xx_it.o(i.UsageFault_Handler) for UsageFault_Handler
    startup_stm32f427xx.o(RESET) refers to port.o(.emb_text) for SVC_Handler
    startup_stm32f427xx.o(RESET) refers to stm32f4xx_it.o(i.DebugMon_Handler) for DebugMon_Handler
    startup_stm32f427xx.o(RESET) refers to port.o(i.SysTick_Handler) for SysTick_Handler
    startup_stm32f427xx.o(RESET) refers to stm32f4xx_it.o(i.TIM1_UP_TIM10_IRQHandler) for TIM1_UP_TIM10_IRQHandler
    startup_stm32f427xx.o(RESET) refers to stm32f4xx_it.o(i.USART2_IRQHandler) for USART2_IRQHandler
    startup_stm32f427xx.o(.text) refers to system_stm32f4xx.o(i.SystemInit) for SystemInit
    startup_stm32f427xx.o(.text) refers to entry.o(.ARM.Collect$$$$00000000) for __main
    main.o(i.HAL_TIM_PeriodElapsedCallback) refers to stm32f4xx_hal.o(i.HAL_IncTick) for HAL_IncTick
    main.o(i.SystemClock_Config) refers to memseta.o(.text) for __aeabi_memclr4
    main.o(i.SystemClock_Config) refers to stm32f4xx_hal_rcc.o(i.HAL_RCC_OscConfig) for HAL_RCC_OscConfig
    main.o(i.SystemClock_Config) refers to stm32f4xx_hal_rcc.o(i.HAL_RCC_ClockConfig) for HAL_RCC_ClockConfig
    main.o(i.main) refers to stm32f4xx_hal_gpio.o(i.HAL_GPIO_WritePin) for HAL_GPIO_WritePin
    main.o(i.main) refers to stm32f4xx_hal.o(i.HAL_Init) for HAL_Init
    main.o(i.main) refers to main.o(i.SystemClock_Config) for SystemClock_Config
    main.o(i.main) refers to gpio.o(i.MX_GPIO_Init) for MX_GPIO_Init
    main.o(i.main) refers to tim.o(i.MX_TIM2_Init) for MX_TIM2_Init
    main.o(i.main) refers to usart.o(i.MX_USART2_UART_Init) for MX_USART2_UART_Init
    main.o(i.main) refers to stm32f4xx_hal_tim.o(i.HAL_TIM_PWM_Start) for HAL_TIM_PWM_Start
    main.o(i.main) refers to freertos.o(i.MX_FREERTOS_Init) for MX_FREERTOS_Init
    main.o(i.main) refers to cmsis_os.o(i.osKernelStart) for osKernelStart
    main.o(i.main) refers to tim.o(.bss) for htim2
    gpio.o(i.MX_GPIO_Init) refers to memseta.o(.text) for __aeabi_memclr4
    gpio.o(i.MX_GPIO_Init) refers to stm32f4xx_hal_gpio.o(i.HAL_GPIO_WritePin) for HAL_GPIO_WritePin
    gpio.o(i.MX_GPIO_Init) refers to stm32f4xx_hal_gpio.o(i.HAL_GPIO_Init) for HAL_GPIO_Init
    freertos.o(i.MX_FREERTOS_Init) refers to cmsis_os.o(i.osMessageCreate) for osMessageCreate
    freertos.o(i.MX_FREERTOS_Init) refers to memcpya.o(.text) for __aeabi_memcpy4
    freertos.o(i.MX_FREERTOS_Init) refers to cmsis_os.o(i.osThreadCreate) for osThreadCreate
    freertos.o(i.MX_FREERTOS_Init) refers to freertos.o(.constdata) for .constdata
    freertos.o(i.MX_FREERTOS_Init) refers to freertos.o(.data) for .data
    freertos.o(i.Servo_Task) refers to queue.o(i.xQueueReceive) for xQueueReceive
    freertos.o(i.Servo_Task) refers to f2d.o(.text) for __aeabi_f2d
    freertos.o(i.Servo_Task) refers to printfa.o(i.__0printf) for __2printf
    freertos.o(i.Servo_Task) refers to caculate.o(i.attitudeGetAngle) for attitudeGetAngle
    freertos.o(i.Servo_Task) refers to tasks.o(i.vTaskDelay) for vTaskDelay
    freertos.o(i.Servo_Task) refers to grip.o(i.servo1) for servo1
    freertos.o(i.Servo_Task) refers to grip.o(i.servo2) for servo2
    freertos.o(i.Servo_Task) refers to grip.o(i.servo3) for servo3
    freertos.o(i.Servo_Task) refers to cmsis_os.o(i.osDelay) for osDelay
    freertos.o(i.Servo_Task) refers to freertos.o(.constdata) for .constdata
    freertos.o(i.Servo_Task) refers to freertos.o(.data) for .data
    freertos.o(i.Servo_Task) refers to freertos.o(.bss) for .bss
    freertos.o(i.Top_Task) refers to queue.o(i.xQueueGenericSend) for xQueueGenericSend
    freertos.o(i.Top_Task) refers to cmsis_os.o(i.osDelay) for osDelay
    freertos.o(i.Top_Task) refers to freertos.o(.bss) for .bss
    freertos.o(i.Top_Task) refers to freertos.o(.data) for .data
    freertos.o(i.vApplicationGetIdleTaskMemory) refers to freertos.o(.bss) for .bss
    freertos.o(.constdata) refers to freertos.o(.conststring) for .conststring
    freertos.o(.constdata) refers to freertos.o(i.Servo_Task) for Servo_Task
    freertos.o(.constdata) refers to freertos.o(i.Top_Task) for Top_Task
    tim.o(i.HAL_TIM_MspPostInit) refers to memseta.o(.text) for __aeabi_memclr4
[...]
    .ARM.Collect$$$$0000000D                 0x080001bc   Section        0  entry10a.o(.ARM.Collect$$$$0000000D)
    .ARM.Collect$$$$0000000F                 0x080001bc   Section        0  entry11a.o(.ARM.Collect$$$$0000000F)
    .ARM.Collect$$$$00002712                 0x080001bc   Section        4  entry2.o(.ARM.Collect$$$$00002712)
    __lit__00000000                          0x080001bc   Data           4  entry2.o(.ARM.Collect$$$$00002712)
    .emb_text                                0x080001c0   Section      190  port.o(.emb_text)
    $v0                                      0x080001c0   Number         0  port.o(.emb_text)
    .text                                    0x08000280   Section       36  startup_stm32f427xx.o(.text)
    $v0                                      0x08000280   Number         0  startup_stm32f427xx.o(.text)
    .text                                    0x080002a4   Section        0  uldiv.o(.text)
    .text                                    0x08000306   Section        0  memcpya.o(.text)
    .text                                    0x0800032a   Section        0  memseta.o(.text)
    .text                                    0x0800034e   Section        0  dadd.o(.text)
    .text                                    0x0800049c   Section        0  dmul.o(.text)
    .text                                    0x08000580   Section        0  f2d.o(.text)
    .text                                    0x080005a8   Section       48  cdcmple.o(.text)
    .text                                    0x080005d8   Section       48  cdrcmple.o(.text)
    .text                                    0x08000608   Section        0  d2f.o(.text)
    .text                                    0x08000640   Section        0  uidiv.o(.text)
    .text                                    0x0800066c   Section        0  llshl.o(.text)
    .text                                    0x0800068a   Section        0  llushr.o(.text)
    .text                                    0x080006aa   Section        0  llsshr.o(.text)
    .text                                    0x080006ce   Section        0  fepilogue.o(.text)
    .text                                    0x080006ce   Section        0  iusefp.o(.text)
    .text                                    0x0800073c   Section        0  depilogue.o(.text)
    .text                                    0x080007f6   Section        0  ddiv.o(.text)
    .text                                    0x080008d4   Section        0  dsqrt.o(.text)
    .text                                    0x08000976   Section        0  dfixul.o(.text)
    .text                                    0x080009a8   Section       36  init.o(.text)
    i.BusFault_Handler                       0x080009cc   Section        0  stm32f4xx_it.o(i.BusFault_Handler)
    i.DebugMon_Handler                       0x080009ce   Section        0  stm32f4xx_it.o(i.DebugMon_Handler)
    i.Error_Handler                          0x080009d0   Section        0  main.o(i.Error_Handler)
    i.HAL_DMA_Abort_IT                       0x080009d2   Section        0  stm32f4xx_hal_dma.o(i.HAL_DMA_Abort_IT)
    i.HAL_Delay                              0x080009f8   Section        0  stm32f4xx_hal.o(i.HAL_Delay)
    i.HAL_GPIO_Init                          0x08000a1c   Section        0  stm32f4xx_hal_gpio.o(i.HAL_GPIO_Init)
    i.HAL_GPIO_WritePin                      0x08000bf0   Section        0  stm32f4xx_hal_gpio.o(i.HAL_GPIO_WritePin)
    i.HAL_GetTick                            0x08000bfc   Section        0  stm32f4xx_hal.o(i.HAL_GetTick)
    i.HAL_IncTick                            0x08000c08   Section        0  stm32f4xx_hal.o(i.HAL_IncTick)
    i.HAL_Init                               0x08000c18   Section        0  stm32f4xx_hal.o(i.HAL_Init)
    i.HAL_InitTick                           0x08000c4c   Section        0  stm32f4xx_hal_timebase_tim.o(i.HAL_InitTick)
    i.HAL_MspInit                            0x08000cc0   Section        0  stm32f4xx_hal_msp.o(i.HAL_MspInit)
    i.HAL_NVIC_EnableIRQ                     0x08000cf8   Section        0  stm32f4xx_hal_cortex.o(i.HAL_NVIC_EnableIRQ)
    i.HAL_NVIC_SetPriority                   0x08000d14   Section        0  stm32f4xx_hal_cortex.o(i.HAL_NVIC_SetPriority)
    i.HAL_NVIC_SetPriorityGrouping           0x08000d54   Section        0  stm32f4xx_hal_cortex.o(i.HAL_NVIC_SetPriorityGrouping)
    i.HAL_RCC_ClockConfig                    0x08000d78   Section        0  stm32f4xx_hal_rcc.o(i.HAL_RCC_ClockConfig)
    i.HAL_RCC_GetClockConfig                 0x08000eac   Section        0  stm32f4xx_hal_rcc.o(i.HAL_RCC_GetClockConfig)
    i.HAL_RCC_GetPCLK1Freq                   0x08000eec   Section        0  stm32f4xx_hal_rcc.o(i.HAL_RCC_GetPCLK1Freq)
    i.HAL_RCC_GetPCLK2Freq                   0x08000f0c   Section        0  stm32f4xx_hal_rcc.o(i.HAL_RCC_GetPCLK2Freq)
    i.HAL_RCC_GetSysClockFreq                0x08000f2c   Section        0  stm32f4xx_hal_rcc.o(i.HAL_RCC_GetSysClockFreq)
    i.HAL_RCC_OscConfig                      0x08000f90   Section        0  stm32f4xx_hal_rcc.o(i.HAL_RCC_OscConfig)
    i.HAL_TIMEx_BreakCallback                0x080012ec   Section        0  stm32f4xx_hal_tim_ex.o(i.HAL_TIMEx_BreakCallback)
    i.HAL_TIMEx_CommutCallback               0x080012ee   Section        0  stm32f4xx_hal_tim_ex.o(i.HAL_TIMEx_CommutCallback)
    i.HAL_TIMEx_MasterConfigSynchronization  0x080012f0   Section        0  stm32f4xx_hal_tim_ex.o(i.HAL_TIMEx_MasterConfigSynchronization)
    i.HAL_TIM_Base_Init                      0x08001380   Section        0  stm32f4xx_hal_tim.o(i.HAL_TIM_Base_Init)
    i.HAL_TIM_Base_MspInit                   0x080013b8   Section        0  tim.o(i.HAL_TIM_Base_MspInit)
    i.HAL_TIM_Base_Start_IT                  0x080013dc   Section        0  stm32f4xx_hal_tim.o(i.HAL_TIM_Base_Start_IT)
    i.HAL_TIM_ConfigClockSource              0x080013fe   Section        0  stm32f4xx_hal_tim.o(i.HAL_TIM_ConfigClockSource)
    i.HAL_TIM_IC_CaptureCallback             0x080014d4   Section        0  stm32f4xx_hal_tim.o(i.HAL_TIM_IC_CaptureCallback)
    i.HAL_TIM_IRQHandler                     0x080014d6   Section        0  stm32f4xx_hal_tim.o(i.HAL_TIM_IRQHandler)
    i.HAL_TIM_MspPostInit                    0x0800163c   Section        0  tim.o(i.HAL_TIM_MspPostInit)
    i.HAL_TIM_OC_DelayElapsedCallback        0x0800168c   Section        0  stm32f4xx_hal_tim.o(i.HAL_TIM_OC_DelayElapsedCallback)
    i.HAL_TIM_PWM_ConfigChannel              0x0800168e   Section        0  stm32f4xx_hal_tim.o(i.HAL_TIM_PWM_ConfigChannel)
    i.HAL_TIM_PWM_Init                       0x0800175e   Section        0  stm32f4xx_hal_tim.o(i.HAL_TIM_PWM_Init)
    i.HAL_TIM_PWM_MspInit                    0x08001794   Section        0  stm32f4xx_hal_tim.o(i.HAL_TIM_PWM_MspInit)
    i.HAL_TIM_PWM_PulseFinishedCallback      0x08001796   Section        0  stm32f4xx_hal_tim.o(i.HAL_TIM_PWM_PulseFinishedCallback)
    i.HAL_TIM_PWM_Start                      0x08001798   Section        0  stm32f4xx_hal_tim.o(i.HAL_TIM_PWM_Start)
    i.HAL_TIM_PeriodElapsedCallback          0x080017dc   Section        0  main.o(i.HAL_TIM_PeriodElapsedCallback)
    i.HAL_TIM_TriggerCallback                0x080017f0   Section        0  stm32f4xx_hal_tim.o(i.HAL_TIM_TriggerCallback)
    i.HAL_UART_ErrorCallback                 0x080017f2   Section        0  stm32f4xx_hal_uart.o(i.HAL_UART_ErrorCallback)
    i.HAL_UART_IRQHandler                    0x080017f4   Section        0  stm32f4xx_hal_uart.o(i.HAL_UART_IRQHandler)
    i.HAL_UART_Init                          0x08001908   Section        0  stm32f4xx_hal_uart.o(i.HAL_UART_Init)
    i.HAL_UART_MspInit                       0x0800196c   Section        0  usart.o(i.HAL_UART_MspInit)
    i.HAL_UART_RxCpltCallback                0x080019e4   Section        0  stm32f4xx_hal_uart.o(i.HAL_UART_RxCpltCallback)
    i.HAL_UART_Transmit                      0x080019e6   Section        0  stm32f4xx_hal_uart.o(i.HAL_UART_Transmit)
    i.HAL_UART_TxCpltCallback                0x08001aa0   Section        0  stm32f4xx_hal_uart.o(i.HAL_UART_TxCpltCallback)
    i.HardFault_Handler                      0x08001aa2   Section        0  stm32f4xx_it.o(i.HardFault_Handler)
    i.MX_FREERTOS_Init                       0x08001aa4   Section        0  freertos.o(i.MX_FREERTOS_Init)
    i.MX_GPIO_Init                           0x08001af8   Section        0  gpio.o(i.MX_GPIO_Init)
    i.MX_TIM2_Init                           0x08001b74   Section        0  tim.o(i.MX_TIM2_Init)
    i.MX_USART2_UART_Init                    0x08001c3c   Section        0  usart.o(i.MX_USART2_UART_Init)
    i.MemManage_Handler                      0x08001c74   Section        0  stm32f4xx_it.o(i.MemManage_Handler)
    i.NMI_Handler                            0x08001c76   Section        0  stm32f4xx_it.o(i.NMI_Handler)
    i.Servo_Task                             0x08001c78   Section        0  freertos.o(i.Servo_Task)
    i.SysTick_Handler                        0x08001d50   Section        0  port.o(i.SysTick_Handler)
    i.SystemClock_Config                     0x08001d7c   Section        0  main.o(i.SystemClock_Config)
    i.SystemInit                             0x08001e00   Section        0  system_stm32f4xx.o(i.SystemInit)
    i.TIM1_UP_TIM10_IRQHandler               0x08001e1c   Section        0  stm32f4xx_it.o(i.TIM1_UP_TIM10_IRQHandler)
    i.TIM_Base_SetConfig                     0x08001e28   Section        0  stm32f4xx_hal_tim.o(i.TIM_Base_SetConfig)
    i.TIM_CCxChannelCmd                      0x08001ef0   Section        0  stm32f4xx_hal_tim.o(i.TIM_CCxChannelCmd)
    i.TIM_ETR_SetConfig                      0x08001f0a   Section        0  stm32f4xx_hal_tim.o(i.TIM_ETR_SetConfig)
    i.TIM_ITRx_SetConfig                     0x08001f1e   Section        0  stm32f4xx_hal_tim.o(i.TIM_ITRx_SetConfig)
    TIM_ITRx_SetConfig                       0x08001f1f   Thumb Code    16  stm32f4xx_hal_tim.o(i.TIM_ITRx_SetConfig)
    i.TIM_OC1_SetConfig                      0x08001f30   Section        0  stm32f4xx_hal_tim.o(i.TIM_OC1_SetConfig)
    TIM_OC1_SetConfig                        0x08001f31   Thumb Code    88  stm32f4xx_hal_tim.o(i.TIM_OC1_SetConfig)
    i.TIM_OC2_SetConfig                      0x08001f90   Section        0  stm32f4xx_hal_tim.o(i.TIM_OC2_SetConfig)
    i.TIM_OC3_SetConfig                      0x08001ffc   Section        0  stm32f4xx_hal_tim.o(i.TIM_OC3_SetConfig)
    TIM_OC3_SetConfig                        0x08001ffd   Thumb Code    96  stm32f4xx_hal_tim.o(i.TIM_OC3_SetConfig)
    i.TIM_OC4_SetConfig                      0x08002064   Section        0  stm32f4xx_hal_tim.o(i.TIM_OC4_SetConfig)
    TIM_OC4_SetConfig                        0x08002065   Thumb Code    70  stm32f4xx_hal_tim.o(i.TIM_OC4_SetConfig)
    i.TIM_TI1_ConfigInputStage               0x080020b4   Section        0  stm32f4xx_hal_tim.o(i.TIM_TI1_ConfigInputStage)
    TIM_TI1_ConfigInputStage                 0x080020b5   Thumb Code    34  stm32f4xx_hal_tim.o(i.TIM_TI1_ConfigInputStage)
    i.TIM_TI2_ConfigInputStage               0x080020d6   Section        0  stm32f4xx_hal_tim.o(i.TIM_TI2_ConfigInputStage)
    TIM_TI2_ConfigInputStage                 0x080020d7   Thumb Code    36  stm32f4xx_hal_tim.o(i.TIM_TI2_ConfigInputStage)
    i.Top_Task                               0x080020fc   Section        0  freertos.o(i.Top_Task)
    i.UART_DMAAbortOnError                   0x0800213c   Section        0  stm32f4xx_hal_uart.o(i.UART_DMAAbortOnError)
    UART_DMAAbortOnError                     0x0800213d   Thumb Code    16  stm32f4xx_hal_uart.o(i.UART_DMAAbortOnError)
    i.UART_EndRxTransfer                     0x0800214c   Section        0  stm32f4xx_hal_uart.o(i.UART_EndRxTransfer)
    UART_EndRxTransfer                       0x0800214d   Thumb Code    28  stm32f4xx_hal_uart.o(i.UART_EndRxTransfer)
    i.UART_Receive_IT                        0x08002168   Section        0  stm32f4xx_hal_uart.o(i.UART_Receive_IT)
    UART_Receive_IT                          0x08002169   Thumb Code   150  stm32f4xx_hal_uart.o(i.UART_Receive_IT)
    i.UART_SetConfig                         0x08002200   Section        0  stm32f4xx_hal_uart.o(i.UART_SetConfig)
    UART_SetConfig                           0x08002201   Thumb Code   286  stm32f4xx_hal_uart.o(i.UART_SetConfig)
    i.UART_Transmit_IT                       0x08002328   Section        0  stm32f4xx_hal_uart.o(i.UART_Transmit_IT)
    UART_Transmit_IT                         0x08002329   Thumb Code    98  stm32f4xx_hal_uart.o(i.UART_Transmit_IT)
    i.UART_WaitOnFlagUntilTimeout            0x0800238a   Section        0  stm32f4xx_hal_uart.o(i.UART_WaitOnFlagUntilTimeout)
    UART_WaitOnFlagUntilTimeout              0x0800238b   Thumb Code   100  stm32f4xx_hal_uart.o(i.UART_WaitOnFlagUntilTimeout)
    i.USART2_IRQHandler                      0x080023f0   Section        0  stm32f4xx_it.o(i.USART2_IRQHandler)
    i.UsageFault_Handler                     0x080023fc   Section        0  stm32f4xx_it.o(i.UsageFault_Handler)
    i.__0printf                              0x08002400   Section        0  printfa.o(i.__0printf)
    i.__ARM_fpclassifyf                      0x08002420   Section        0  fpclassifyf.o(i.__ARM_fpclassifyf)
    i.__NVIC_SetPriority                     0x08002446   Section        0  stm32f4xx_hal_cortex.o(i.__NVIC_SetPriority)
    __NVIC_SetPriority                       0x08002447   Thumb Code    32  stm32f4xx_hal_cortex.o(i.__NVIC_SetPriority)
    i.__hardfp_acosf                         0x08002468   Section        0  acosf.o(i.__hardfp_acosf)
    i.__hardfp_atanf                         0x08002580   Section        0  atanf.o(i.__hardfp_atanf)
    i.__hardfp_fabs                          0x080026e0   Section        0  fabs.o(i.__hardfp_fabs)
    i.__hardfp_sqrt                          0x080026f4   Section        0  sqrt.o(i.__hardfp_sqrt)
    i.__mathlib_flt_infnan                   0x0800276e   Section        0  funder.o(i.__mathlib_flt_infnan)
    i.__mathlib_flt_invalid                  0x08002774   Section        0  funder.o(i.__mathlib_flt_invalid)
    i.__mathlib_flt_underflow                0x08002784   Section        0  funder.o(i.__mathlib_flt_underflow)
    i.__scatterload_copy                     0x08002794   Section       14  handlers.o(i.__scatterload_copy)
    i.__scatterload_null                     0x080027a2   Section        2  handlers.o(i.__scatterload_null)
    i.__scatterload_zeroinit                 0x080027a4   Section       14  handlers.o(i.__scatterload_zeroinit)
    i.__set_errno                            0x080027b4   Section        0  errno.o(i.__set_errno)
    i._fp_digits                             0x080027c0   Section        0  printfa.o(i._fp_digits)
    _fp_digits                               0x080027c1   Thumb Code   334  printfa.o(i._fp_digits)
    i._printf_core                           0x08002924   Section        0  printfa.o(i._printf_core)
    _printf_core                             0x08002925   Thumb Code  1744  printfa.o(i._printf_core)
    i._printf_post_padding                   0x08003000   Section        0  printfa.o(i._printf_post_padding)
    _printf_post_padding                     0x08003001   Thumb Code    36  printfa.o(i._printf_post_padding)
    i._printf_pre_padding                    0x08003024   Section        0  printfa.o(i._printf_pre_padding)
    _printf_pre_padding                      0x08003025   Thumb Code    46  printfa.o(i._printf_pre_padding)
    i.attitudeGetAngle                       0x08003054   Section        0  caculate.o(i.attitudeGetAngle)
    i.fputc                                  0x08003280   Section        0  printf.o(i.fputc)
    i.main                                   0x08003298   Section        0  main.o(i.main)
    i.makeFreeRtosPriority                   0x080032e8   Section        0  cmsis_os.o(i.makeFreeRtosPriority)
    makeFreeRtosPriority                     0x080032e9   Thumb Code    12  cmsis_os.o(i.makeFreeRtosPriority)
    i.osDelay                                0x080032f4   Section        0  cmsis_os.o(i.osDelay)
    i.osKernelStart                          0x08003302   Section        0  cmsis_os.o(i.osKernelStart)
    i.osMessageCreate                        0x0800330c   Section        0  cmsis_os.o(i.osMessageCreate)
    i.osThreadCreate                         0x08003332   Section        0  cmsis_os.o(i.osThreadCreate)
    i.prvAddCurrentTaskToDelayedList         0x08003388   Section        0  tasks.o(i.prvAddCurrentTaskToDelayedList)
    prvAddCurrentTaskToDelayedList           0x08003389   Thumb Code   102  tasks.o(i.prvAddCurrentTaskToDelayedList)
    i.prvAddNewTaskToReadyList               0x080033f8   Section        0  tasks.o(i.prvAddNewTaskToReadyList)
    prvAddNewTaskToReadyList                 0x080033f9   Thumb Code   194  tasks.o(i.prvAddNewTaskToReadyList)
    i.prvCopyDataFromQueue                   0x080034c8   Section        0  queue.o(i.prvCopyDataFromQueue)
    prvCopyDataFromQueue                     0x080034c9   Thumb Code    38  queue.o(i.prvCopyDataFromQueue)
    i.prvCopyDataToQueue                     0x080034ee   Section        0  queue.o(i.prvCopyDataToQueue)
    prvCopyDataToQueue                       0x080034ef   Thumb Code   108  queue.o(i.prvCopyDataToQueue)
    i.prvDeleteTCB                           0x0800355a   Section        0  tasks.o(i.prvDeleteTCB)
    prvDeleteTCB                             0x0800355b   Thumb Code    52  tasks.o(i.prvDeleteTCB)
    i.prvHeapInit                            0x08003590   Section        0  heap_4.o(i.prvHeapInit)
    prvHeapInit                              0x08003591   Thumb Code    66  heap_4.o(i.prvHeapInit)
    i.prvIdleTask                            0x080035dc   Section        0  tasks.o(i.prvIdleTask)
    prvIdleTask                              0x080035dd   Thumb Code    82  tasks.o(i.prvIdleTask)
    i.prvInitialiseNewQueue                  0x0800363c   Section        0  queue.o(i.prvInitialiseNewQueue)
    prvInitialiseNewQueue                    0x0800363d   Thumb Code    22  queue.o(i.prvInitialiseNewQueue)
    i.prvInitialiseNewTask                   0x08003652   Section        0  tasks.o(i.prvInitialiseNewTask)
    prvInitialiseNewTask                     0x08003653   Thumb Code   142  tasks.o(i.prvInitialiseNewTask)
    i.prvInsertBlockIntoFreeList             0x080036e0   Section        0  heap_4.o(i.prvInsertBlockIntoFreeList)
    prvInsertBlockIntoFreeList               0x080036e1   Thumb Code    72  heap_4.o(i.prvInsertBlockIntoFreeList)
    i.prvIsQueueEmpty                        0x0800372c   Section        0  queue.o(i.prvIsQueueEmpty)
    prvIsQueueEmpty                          0x0800372d   Thumb Code    28  queue.o(i.prvIsQueueEmpty)
    i.prvResetNextTaskUnblockTime            0x08003748   Section        0  tasks.o(i.prvResetNextTaskUnblockTime)
    prvResetNextTaskUnblockTime              0x08003749   Thumb Code    26  tasks.o(i.prvResetNextTaskUnblockTime)
    i.prvTaskExitError                       0x08003768   Section        0  port.o(i.prvTaskExitError)
    prvTaskExitError                         0x08003769   Thumb Code    36  port.o(i.prvTaskExitError)
    i.prvUnlockQueue                         0x08003790   Section        0  queue.o(i.prvUnlockQueue)
    prvUnlockQueue                           0x08003791   Thumb Code   106  queue.o(i.prvUnlockQueue)
    i.pvPortMalloc                           0x080037fc   Section        0  heap_4.o(i.pvPortMalloc)
    i.pxPortInitialiseStack                  0x080038d4   Section        0  port.o(i.pxPortInitialiseStack)
    i.servo1                                 0x08003900   Section        0  grip.o(i.servo1)
    i.servo2                                 0x08003920   Section        0  grip.o(i.servo2)
    i.servo3                                 0x08003940   Section        0  grip.o(i.servo3)
    i.sqrtf                                  0x08003960   Section        0  sqrtf.o(i.sqrtf)
    i.uxListRemove                           0x0800399e   Section        0  list.o(i.uxListRemove)
    i.vApplicationGetIdleTaskMemory          0x080039c4   Section        0  freertos.o(i.vApplicationGetIdleTaskMemory)
    i.vListInitialise                        0x080039d8   Section        0  list.o(i.vListInitialise)
    i.vListInitialiseItem                    0x080039ee   Section        0  list.o(i.vListInitialiseItem)
    i.vListInsert                            0x080039f4   Section        0  list.o(i.vListInsert)
    i.vListInsertEnd                         0x08003a24   Section        0  list.o(i.vListInsertEnd)
    i.vPortEnterCritical                     0x08003a3c   Section        0  port.o(i.vPortEnterCritical)
    i.vPortExitCritical                      0x08003a7c   Section        0  port.o(i.vPortExitCritical)
    i.vPortFree                              0x08003aa4   Section        0  heap_4.o(i.vPortFree)
    i.vPortSetupTimerInterrupt               0x08003b00   Section        0  port.o(i.vPortSetupTimerInterrupt)
    i.vTaskDelay                             0x08003b24   Section        0  tasks.o(i.vTaskDelay)
    i.vTaskInternalSetTimeOutState           0x08003b70   Section        0  tasks.o(i.vTaskInternalSetTimeOutState)
    i.vTaskMissedYield                       0x08003b80   Section        0  tasks.o(i.vTaskMissedYield)
    i.vTaskPlaceOnEventList                  0x08003b8c   Section        0  tasks.o(i.vTaskPlaceOnEventList)
    i.vTaskStartScheduler                    0x08003bbc   Section        0  tasks.o(i.vTaskStartScheduler)
    i.vTaskSuspendAll                        0x08003c28   Section        0  tasks.o(i.vTaskSuspendAll)
    i.vTaskSwitchContext                     0x08003c38   Section        0  tasks.o(i.vTaskSwitchContext)
    i.xPortStartScheduler                    0x08003c94   Section        0  port.o(i.xPortStartScheduler)
    i.xQueueGenericCreate                    0x08003d88   Section        0  queue.o(i.xQueueGenericCreate)
    i.xQueueGenericCreateStatic              0x08003dd0   Section        0  queue.o(i.xQueueGenericCreateStatic)
    i.xQueueGenericReset                     0x08003e38   Section        0  queue.o(i.xQueueGenericReset)
    i.xQueueGenericSend                      0x08003ec0   Section        0  queue.o(i.xQueueGenericSend)
    i.xQueueReceive                          0x08004020   Section        0  queue.o(i.xQueueReceive)
    i.xTaskCheckForTimeOut                   0x08004158   Section        0  tasks.o(i.xTaskCheckForTimeOut)
    i.xTaskCreate                            0x080041cc   Section        0  tasks.o(i.xTaskCreate)
    i.xTaskCreateStatic                      0x08004226   Section        0  tasks.o(i.xTaskCreateStatic)
    i.xTaskGetSchedulerState                 0x0800427c   Section        0  tasks.o(i.xTaskGetSchedulerState)
    i.xTaskIncrementTick                     0x08004298   Section        0  tasks.o(i.xTaskIncrementTick)
    i.xTaskPriorityDisinherit                0x08004360   Section        0  tasks.o(i.xTaskPriorityDisinherit)
    i.xTaskRemoveFromEventList               0x080043f8   Section        0  tasks.o(i.xTaskRemoveFromEventList)
    i.xTaskResumeAll                         0x0800446c   Section        0  tasks.o(i.xTaskResumeAll)
    .constdata                               0x08004530   Section       84  freertos.o(.constdata)
    .constdata                               0x08004584   Section       16  system_stm32f4xx.o(.constdata)
    .constdata                               0x08004594   Section        8  system_stm32f4xx.o(.constdata)
    .conststring                             0x0800459c   Section       20  freertos.o(.conststring)
    .data                                    0x20000000   Section       12  freertos.o(.data)
    .data                                    0x2000000c   Section       12  stm32f4xx_hal.o(.data)
    .data                                    0x20000018   Section        4  system_stm32f4xx.o(.data)
    .data                                    0x2000001c   Section       60  tasks.o(.data)
    pxDelayedTaskList                        0x20000020   Data           4  tasks.o(.data)
    pxOverflowDelayedTaskList                0x20000024   Data           4  tasks.o(.data)
    uxDeletedTasksWaitingCleanUp             0x20000028   Data           4  tasks.o(.data)
    uxCurrentNumberOfTasks                   0x2000002c   Data           4  tasks.o(.data)
    xTickCount                               0x20000030   Data           4  tasks.o(.data)
    uxTopReadyPriority                       0x20000034   Data           4  tasks.o(.data)
    xSchedulerRunning                        0x20000038   Data           4  tasks.o(.data)
    uxPendedTicks                            0x2000003c   Data           4  tasks.o(.data)
    xYieldPending                            0x20000040   Data           4  tasks.o(.data)
    xNumOfOverflows                          0x20000044   Data           4  tasks.o(.data)
    uxTaskNumber                             0x20000048   Data           4  tasks.o(.data)
    xNextTaskUnblockTime                     0x2000004c   Data           4  tasks.o(.data)
    xIdleTaskHandle                          0x20000050   Data           4  tasks.o(.data)
    uxSchedulerSuspended                     0x20000054   Data           4  tasks.o(.data)
    .data                                    0x20000058   Section       24  heap_4.o(.data)
    pxEnd                                    0x20000058   Data           4  heap_4.o(.data)
    xFreeBytesRemaining                      0x2000005c   Data           4  heap_4.o(.data)
    xMinimumEverFreeBytesRemaining           0x20000060   Data           4  heap_4.o(.data)
    xBlockAllocatedBit                       0x20000064   Data           4  heap_4.o(.data)
    xStart                                   0x20000068   Data           8  heap_4.o(.data)
    .data                                    0x20000070   Section       12  port.o(.data)
    ucMaxSysCallPriority                     0x20000070   Data           1  port.o(.data)
    uxCriticalNesting                        0x20000074   Data           4  port.o(.data)
    ulMaxPRIGROUPValue                       0x20000078   Data           4  port.o(.data)
    .data                                    0x2000007c   Section        4  stdout.o(.data)
    .data                                    0x20000080   Section        4  errno.o(.data)
    _errno                                   0x20000080   Data           4  errno.o(.data)
    .bss                                     0x20000084   Section      636  freertos.o(.bss)
    xIdleTaskTCBBuffer                       0x200000ac   Data          84  freertos.o(.bss)
    xIdleStack                               0x20000100   Data         512  freertos.o(.bss)
    .bss                                     0x20000300   Section       64  tim.o(.bss)
    .bss                                     0x20000340   Section       64  usart.o(.bss)
    .bss                                     0x20000380   Section       64  stm32f4xx_hal_timebase_tim.o(.bss)
    .bss                                     0x200003c0   Section      240  tasks.o(.bss)
    pxReadyTasksLists                        0x200003c0   Data         140  tasks.o(.bss)
    xDelayedTaskList1                        0x2000044c   Data          20  tasks.o(.bss)
    xDelayedTaskList2                        0x20000460   Data          20  tasks.o(.bss)
    xPendingReadyList                        0x20000474   Data          20  tasks.o(.bss)
    xTasksWaitingTermination                 0x20000488   Data          20  tasks.o(.bss)
    xSuspendedTaskList                       0x2000049c   Data          20  tasks.o(.bss)
    .bss                                     0x200004b0   Section    15360  heap_4.o(.bss)
    ucHeap                                   0x200004b0   Data       15360  heap_4.o(.bss)
    STACK                                    0x200040b0   Section     1024  startup_stm32f427xx.o(STACK)

    Global Symbols

    Symbol Name                              Value     Ov Type        Size  Object(Section)

    BuildAttributes$$THM_ISAv4$E$P$D$K$B$S$7EM$VFPi3$EXTD16$VFPS$VFMA$PE$A:L22UL41UL21$X:L11$S22US41US21$IEEE1$IW$USESV6$~STKCKD$USESV7$~SHL$OTIME$ROPI$IEEEX$EBA8$MICROLIB$REQ8$PRES8$EABIv2 0x00000000   Number         0  anon$$obj.o ABSOLUTE
    __ARM_use_no_argv                        0x00000000   Number         0  main.o ABSOLUTE
    _printf_a                                0x00000000   Number         0  stubs.o ABSOLUTE
    _printf_c                                0x00000000   Number         0  stubs.o ABSOLUTE
    _printf_charcount                        0x00000000   Number         0  stubs.o ABSOLUTE
    _printf_d                                0x00000000   Number         0  stubs.o ABSOLUTE
    _printf_e                                0x00000000   Number         0  stubs.o ABSOLUTE
    _printf_f                                0x00000000   Number         0  stubs.o ABSOLUTE
    _printf_flags                            0x00000000   Number         0  stubs.o ABSOLUTE
    _printf_fp_dec                           0x00000000   Number         0  stubs.o ABSOLUTE
    _printf_fp_hex                           0x00000000   Number         0  stubs.o ABSOLUTE
    _printf_g                                0x00000000   Number         0  stubs.o ABSOLUTE
    _printf_i                                0x00000000   Number         0  stubs.o ABSOLUTE
    _printf_int_dec                          0x00000000   Number         0  stubs.o ABSOLUTE
    _printf_l                                0x00000000   Number         0  stubs.o ABSOLUTE
    _printf_lc                               0x00000000   Number         0  stubs.o ABSOLUTE
    _printf_ll                               0x00000000   Number         0  stubs.o ABSOLUTE
    _printf_lld                              0x00000000   Number         0  stubs.o ABSOLUTE
    _printf_lli                              0x00000000   Number         0  stubs.o ABSOLUTE
    _printf_llo                              0x00000000   Number         0  stubs.o ABSOLUTE
    _printf_llu                              0x00000000   Number         0  stubs.o ABSOLUTE
    _printf_llx                              0x00000000   Number         0  stubs.o ABSOLUTE
    _printf_longlong_dec                     0x00000000   Number         0  stubs.o ABSOLUTE
    _printf_longlong_hex                     0x00000000   Number         0  stubs.o ABSOLUTE
    _printf_longlong_oct                     0x00000000   Number         0  stubs.o ABSOLUTE
    _printf_ls                               0x00000000   Number         0  stubs.o ABSOLUTE
    _printf_mbtowc                           0x00000000   Number         0  stubs.o ABSOLUTE
    _printf_n                                0x00000000   Number         0  stubs.o ABSOLUTE
    _printf_o                                0x00000000   Number         0  stubs.o ABSOLUTE
    _printf_p                                0x00000000   Number         0  stubs.o ABSOLUTE
    _printf_percent                          0x00000000   Number         0  stubs.o ABSOLUTE
    _printf_pre_padding                      0x00000000   Number         0  stubs.o ABSOLUTE
    _printf_return_value                     0x00000000   Number         0  stubs.o ABSOLUTE
    _printf_s                                0x00000000   Number         0  stubs.o ABSOLUTE
    _printf_sizespec                         0x00000000   Number         0  stubs.o ABSOLUTE
    _printf_str                              0x00000000   Number         0  stubs.o ABSOLUTE
    _printf_truncate_signed                  0x00000000   Number         0  stubs.o ABSOLUTE
    _printf_truncate_unsigned                0x00000000   Number         0  stubs.o ABSOLUTE
    _printf_u                                0x00000000   Number         0  stubs.o ABSOLUTE
    _printf_wc                               0x00000000   Number         0  stubs.o ABSOLUTE
    _printf_wctomb                           0x00000000   Number         0  stubs.o ABSOLUTE
    _printf_widthprec                        0x00000000   Number         0  stubs.o ABSOLUTE
    _printf_x                                0x00000000   Number         0  stubs.o ABSOLUTE
    __cpp_initialize__aeabi_                  - Undefined Weak Reference
    __cxa_finalize                            - Undefined Weak Reference
    __decompress                              - Undefined Weak Reference
    _clock_init                               - Undefined Weak Reference
    _microlib_exit                            - Undefined Weak Reference
    __Vectors_Size                           0x000001ac   Number         0  startup_stm32f427xx.o ABSOLUTE
    __Vectors                                0x08000000   Data           4  startup_stm32f427xx.o(RESET)
    __Vectors_End                            0x080001ac   Data           0  startup_stm32f427xx.o(RESET)
    __main                                   0x080001ad   Thumb Code     0  entry.o(.ARM.Collect$$$$00000000)
    _main_stk                                0x080001ad   Thumb Code     0  entry2.o(.ARM.Collect$$$$00000001)
    _main_scatterload                        0x080001b1   Thumb Code     0  entry5.o(.ARM.Collect$$$$00000004)
    __main_after_scatterload                 0x080001b5   Thumb Code     0  entry5.o(.ARM.Collect$$$$00000004)
    _main_clock                              0x080001b5   Thumb Code     0  entry7b.o(.ARM.Collect$$$$00000008)
    _main_cpp_init                           0x080001b5   Thumb Code     0  entry8b.o(.ARM.Collect$$$$0000000A)
    _main_init                               0x080001b5   Thumb Code     0  entry9a.o(.ARM.Collect$$$$0000000B)
    __rt_final_cpp                           0x080001bd   Thumb Code     0  entry10a.o(.ARM.Collect$$$$0000000D)
    __rt_final_exit                          0x080001bd   Thumb Code     0  entry11a.o(.ARM.Collect$$$$0000000F)
    SVC_Handler                              0x080001c1   Thumb Code    28  port.o(.emb_text)
    __asm___6_port_c_39a90d8d__prvStartFirstTask 0x080001e1   Thumb Code    36  port.o(.emb_text)
    __asm___6_port_c_39a90d8d__prvEnableVFP  0x08000209   Thumb Code    16  port.o(.emb_text)
    PendSV_Handler                           0x0800021d   Thumb Code    88  port.o(.emb_text)
    vPortGetIPSR                             0x08000279   Thumb Code     6  port.o(.emb_text)
    Reset_Handler                            0x08000281   Thumb Code     8  startup_stm32f427xx.o(.text)
    ADC_IRQHandler                           0x0800029b   Thumb Code     0  startup_stm32f427xx.o(.text)
    CAN1_RX0_IRQHandler                      0x0800029b   Thumb Code     0  startup_stm32f427xx.o(.text)
    CAN1_RX1_IRQHandler                      0x0800029b   Thumb Code     0  startup_stm32f427xx.o(.text)
    CAN1_SCE_IRQHandler                      0x0800029b   Thumb Code     0  startup_stm32f427xx.o(.text)
    CAN1_TX_IRQHandler                       0x0800029b   Thumb Code     0  startup_stm32f427xx.o(.text)
    CAN2_RX0_IRQHandler                      0x0800029b   Thumb Code     0  startup_stm32f427xx.o(.text)
    CAN2_RX1_IRQHandler                      0x0800029b   Thumb Code     0  startup_stm32f427xx.o(.text)
    CAN2_SCE_IRQHandler                      0x0800029b   Thumb Code     0  startup_stm32f427xx.o(.text)
    CAN2_TX_IRQHandler                       0x0800029b   Thumb Code     0  startup_stm32f427xx.o(.text)
    DCMI_IRQHandler                          0x0800029b   Thumb Code     0  startup_stm32f427xx.o(.text)
    DMA1_Stream0_IRQHandler                  0x0800029b   Thumb Code     0  startup_stm32f427xx.o(.text)
    DMA1_Stream1_IRQHandler                  0x0800029b   Thumb Code     0  startup_stm32f427xx.o(.text)
    DMA1_Stream2_IRQHandler                  0x0800029b   Thumb Code     0  startup_stm32f427xx.o(.text)
    DMA1_Stream3_IRQHandler                  0x0800029b   Thumb Code     0  startup_stm32f427xx.o(.text)
    DMA1_Stream4_IRQHandler                  0x0800029b   Thumb Code     0  startup_stm32f427xx.o(.text)
    DMA1_Stream5_IRQHandler                  0x0800029b   Thumb Code     0  startup_stm32f427xx.o(.text)
    DMA1_Stream6_IRQHandler                  0x0800029b   Thumb Code     0  startup_stm32f427xx.o(.text)
    DMA1_Stream7_IRQHandler                  0x0800029b   Thumb Code     0  startup_stm32f427xx.o(.text)
    DMA2D_IRQHandler                         0x0800029b   Thumb Code     0  startup_stm32f427xx.o(.text)
    DMA2_Stream0_IRQHandler                  0x0800029b   Thumb Code     0  startup_stm32f427xx.o(.text)
    DMA2_Stream1_IRQHandler                  0x0800029b   Thumb Code     0  startup_stm32f427xx.o(.text)
    DMA2_Stream2_IRQHandler                  0x0800029b   Thumb Code     0  startup_stm32f427xx.o(.text)
    DMA2_Stream3_IRQHandler                  0x0800029b   Thumb Code     0  startup_stm32f427xx.o(.text)
    DMA2_Stream4_IRQHandler                  0x0800029b   Thumb Code     0  startup_stm32f427xx.o(.text)
    DMA2_Stream5_IRQHandler                  0x0800029b   Thumb Code     0  startup_stm32f427xx.o(.text)
    DMA2_Stream6_IRQHandler                  0x0800029b   Thumb Code     0  startup_stm32f427xx.o(.text)
    DMA2_Stream7_IRQHandler                  0x0800029b   Thumb Code     0  startup_stm32f427xx.o(.text)
    ETH_IRQHandler                           0x0800029b   Thumb Code     0  startup_stm32f427xx.o(.text)
    ETH_WKUP_IRQHandler                      0x0800029b   Thumb Code     0  startup_stm32f427xx.o(.text)
    EXTI0_IRQHandler                         0x0800029b   Thumb Code     0  startup_stm32f427xx.o(.text)
    EXTI15_10_IRQHandler                     0x0800029b   Thumb Code     0  startup_stm32f427xx.o(.text)
    EXTI1_IRQHandler                         0x0800029b   Thumb Code     0  startup_stm32f427xx.o(.text)
    EXTI2_IRQHandler                         0x0800029b   Thumb Code     0  startup_stm32f427xx.o(.text)
    EXTI3_IRQHandler                         0x0800029b   Thumb Code     0  startup_stm32f427xx.o(.text)
    EXTI4_IRQHandler                         0x0800029b   Thumb Code     0  startup_stm32f427xx.o(.text)
    EXTI9_5_IRQHandler                       0x0800029b   Thumb Code     0  startup_stm32f427xx.o(.text)
    FLASH_IRQHandler                         0x0800029b   Thumb Code     0  startup_stm32f427xx.o(.text)
    FMC_IRQHandler                           0x0800029b   Thumb Code     0  startup_stm32f427xx.o(.text)
    FPU_IRQHandler                           0x0800029b   Thumb Code     0  startup_stm32f427xx.o(.text)
    HASH_RNG_IRQHandler                      0x0800029b   Thumb Code     0  startup_stm32f427xx.o(.text)
    I2C1_ER_IRQHandler                       0x0800029b   Thumb Code     0  startup_stm32f427xx.o(.text)
    I2C1_EV_IRQHandler                       0x0800029b   Thumb Code     0  startup_stm32f427xx.o(.text)
    I2C2_ER_IRQHandler                       0x0800029b   Thumb Code     0  startup_stm32f427xx.o(.text)
    I2C2_EV_IRQHandler                       0x0800029b   Thumb Code     0  startup_stm32f427xx.o(.text)
    I2C3_ER_IRQHandler                       0x0800029b   Thumb Code     0  startup_stm32f427xx.o(.text)
    I2C3_EV_IRQHandler                       0x0800029b   Thumb Code     0  startup_stm32f427xx.o(.text)
    OTG_FS_IRQHandler                        0x0800029b   Thumb Code     0  startup_stm32f427xx.o(.text)
    OTG_FS_WKUP_IRQHandler                   0x0800029b   Thumb Code     0  startup_stm32f427xx.o(.text)
    OTG_HS_EP1_IN_IRQHandler                 0x0800029b   Thumb Code     0  startup_stm32f427xx.o(.text)
    OTG_HS_EP1_OUT_IRQHandler                0x0800029b   Thumb Code     0  startup_stm32f427xx.o(.text)
    OTG_HS_IRQHandler                        0x0800029b   Thumb Code     0  startup_stm32f427xx.o(.text)
    OTG_HS_WKUP_IRQHandler                   0x0800029b   Thumb Code     0  startup_stm32f427xx.o(.text)
    PVD_IRQHandler                           0x0800029b   Thumb Code     0  startup_stm32f427xx.o(.text)
    RCC_IRQHandler                           0x0800029b   Thumb Code     0  startup_stm32f427xx.o(.text)
    RTC_Alarm_IRQHandler                     0x0800029b   Thumb Code     0  startup_stm32f427xx.o(.text)
    RTC_WKUP_IRQHandler                      0x0800029b   Thumb Code     0  startup_stm32f427xx.o(.text)
    SAI1_IRQHandler                          0x0800029b   Thumb Code     0  startup_stm32f427xx.o(.text)
    SDIO_IRQHandler                          0x0800029b   Thumb Code     0  startup_stm32f427xx.o(.text)
    SPI1_IRQHandler                          0x0800029b   Thumb Code     0  startup_stm32f427xx.o(.text)
    SPI2_IRQHandler                          0x0800029b   Thumb Code     0  startup_stm32f427xx.o(.text)
    SPI3_IRQHandler                          0x0800029b   Thumb Code     0  startup_stm32f427xx.o(.text)
    SPI4_IRQHandler                          0x0800029b   Thumb Code     0  startup_stm32f427xx.o(.text)
    SPI5_IRQHandler                          0x0800029b   Thumb Code     0  startup_stm32f427xx.o(.text)
    SPI6_IRQHandler                          0x0800029b   Thumb Code     0  startup_stm32f427xx.o(.text)
    TAMP_STAMP_IRQHandler                    0x0800029b   Thumb Code     0  startup_stm32f427xx.o(.text)
    TIM1_BRK_TIM9_IRQHandler                 0x0800029b   Thumb Code     0  startup_stm32f427xx.o(.text)
    TIM1_CC_IRQHandler                       0x0800029b   Thumb Code     0  startup_stm32f427xx.o(.text)
    TIM1_TRG_COM_TIM11_IRQHandler            0x0800029b   Thumb Code     0  startup_stm32f427xx.o(.text)
    TIM2_IRQHandler                          0x0800029b   Thumb Code     0  startup_stm32f427xx.o(.text)
    TIM3_IRQHandler                          0x0800029b   Thumb Code     0  startup_stm32f427xx.o(.text)
    TIM4_IRQHandler                          0x0800029b   Thumb Code     0  startup_stm32f427xx.o(.text)
    TIM5_IRQHandler                          0x0800029b   Thumb Code     0  startup_stm32f427xx.o(.text)
    TIM6_DAC_IRQHandler                      0x0800029b   Thumb Code     0  startup_stm32f427xx.o(.text)
    TIM7_IRQHandler                          0x0800029b   Thumb Code     0  startup_stm32f427xx.o(.text)
    TIM8_BRK_TIM12_IRQHandler                0x0800029b   Thumb Code     0  startup_stm32f427xx.o(.text)
    TIM8_CC_IRQHandler                       0x0800029b   Thumb Code     0  startup_stm32f427xx.o(.text)
    TIM8_TRG_COM_TIM14_IRQHandler            0x0800029b   Thumb Code     0  startup_stm32f427xx.o(.text)
    TIM8_UP_TIM13_IRQHandler                 0x0800029b   Thumb Code     0  startup_stm32f427xx.o(.text)
    UART4_IRQHandler                         0x0800029b   Thumb Code     0  startup_stm32f427xx.o(.text)
    UART5_IRQHandler                         0x0800029b   Thumb Code     0  startup_stm32f427xx.o(.text)
    UART7_IRQHandler                         0x0800029b   Thumb Code     0  startup_stm32f427xx.o(.text)
    UART8_IRQHandler                         0x0800029b   Thumb Code     0  startup_stm32f427xx.o(.text)
    USART1_IRQHandler                        0x0800029b   Thumb Code     0  startup_stm32f427xx.o(.text)
    USART3_IRQHandler                        0x0800029b   Thumb Code     0  startup_stm32f427xx.o(.text)
    USART6_IRQHandler                        0x0800029b   Thumb Code     0  startup_stm32f427xx.o(.text)
    WWDG_IRQHandler                          0x0800029b   Thumb Code     0  startup_stm32f427xx.o(.text)
    __aeabi_uldivmod                         0x080002a5   Thumb Code    98  uldiv.o(.text)
    __aeabi_memcpy                           0x08000307   Thumb Code    36  memcpya.o(.text)
    __aeabi_memcpy4                          0x08000307   Thumb Code     0  memcpya.o(.text)
    __aeabi_memcpy8                          0x08000307   Thumb Code     0  memcpya.o(.text)
    __aeabi_memset                           0x0800032b   Thumb Code    14  memseta.o(.text)
    __aeabi_memset4                          0x0800032b   Thumb Code     0  memseta.o(.text)
    __aeabi_memset8                          0x0800032b   Thumb Code     0  memseta.o(.text)
    __aeabi_memclr                           0x08000339   Thumb Code     4  memseta.o(.text)
    __aeabi_memclr4                          0x08000339   Thumb Code     0  memseta.o(.text)
    __aeabi_memclr8                          0x08000339   Thumb Code     0  memseta.o(.text)
    memset                                   0x0800033d   Thumb Code    18  memseta.o(.text)
    __aeabi_dadd                             0x0800034f   Thumb Code   322  dadd.o(.text)
    __aeabi_dsub                             0x08000491   Thumb Code     6  dadd.o(.text)
    __aeabi_drsub                            0x08000497   Thumb Code     6  dadd.o(.text)
    __aeabi_dmul                             0x0800049d   Thumb Code   228  dmul.o(.text)
    __aeabi_f2d                              0x08000581   Thumb Code    38  f2d.o(.text)
    __aeabi_cdcmpeq                          0x080005a9   Thumb Code     0  cdcmple.o(.text)
    __aeabi_cdcmple                          0x080005a9   Thumb Code    48  cdcmple.o(.text)
    __aeabi_cdrcmple                         0x080005d9   Thumb Code    48  cdrcmple.o(.text)
    __aeabi_d2f                              0x08000609   Thumb Code    56  d2f.o(.text)
    __aeabi_uidiv                            0x08000641   Thumb Code     0  uidiv.o(.text)
    __aeabi_uidivmod                         0x08000641   Thumb Code    44  uidiv.o(.text)
    __aeabi_llsl                             0x0800066d   Thumb Code    30  llshl.o(.text)
    _ll_shift_l                              0x0800066d   Thumb Code     0  llshl.o(.text)
    __aeabi_llsr                             0x0800068b   Thumb Code    32  llushr.o(.text)
    _ll_ushift_r                             0x0800068b   Thumb Code     0  llushr.o(.text)
    __aeabi_lasr                             0x080006ab   Thumb Code    36  llsshr.o(.text)
    _ll_sshift_r                             0x080006ab   Thumb Code     0  llsshr.o(.text)
    __I$use$fp                               0x080006cf   Thumb Code     0  iusefp.o(.text)
    _float_round                             0x080006cf   Thumb Code    18  fepilogue.o(.text)
    _float_epilogue                          0x080006e1   Thumb Code    92  fepilogue.o(.text)
    _double_round                            0x0800073d   Thumb Code    30  depilogue.o(.text)
    _double_epilogue                         0x0800075b   Thumb Code   156  depilogue.o(.text)
    __aeabi_ddiv                             0x080007f7   Thumb Code   222  ddiv.o(.text)
    _dsqrt                                   0x080008d5   Thumb Code   162  dsqrt.o(.text)
    __aeabi_d2ulz                            0x08000977   Thumb Code    48  dfixul.o(.text)
    __scatterload                            0x080009a9   Thumb Code    28  init.o(.text)
    __scatterload_rt2                        0x080009a9   Thumb Code     0  init.o(.text)
    BusFault_Handler                         0x080009cd   Thumb Code     2  stm32f4xx_it.o(i.BusFault_Handler)
    DebugMon_Handler                         0x080009cf   Thumb Code     2  stm32f4xx_it.o(i.DebugMon_Handler)
    Error_Handler                            0x080009d1   Thumb Code     2  main.o(i.Error_Handler)
    HAL_DMA_Abort_IT                         0x080009d3   Thumb Code    36  stm32f4xx_hal_dma.o(i.HAL_DMA_Abort_IT)
    HAL_Delay                                0x080009f9   Thumb Code    32  stm32f4xx_hal.o(i.HAL_Delay)
    HAL_GPIO_Init                            0x08000a1d   Thumb Code   414  stm32f4xx_hal_gpio.o(i.HAL_GPIO_Init)
    HAL_GPIO_WritePin                        0x08000bf1   Thumb Code    10  stm32f4xx_hal_gpio.o(i.HAL_GPIO_WritePin)
    HAL_GetTick                              0x08000bfd   Thumb Code     6  stm32f4xx_hal.o(i.HAL_GetTick)
    HAL_IncTick                              0x08000c09   Thumb Code    12  stm32f4xx_hal.o(i.HAL_IncTick)
    HAL_Init                                 0x08000c19   Thumb Code    48  stm32f4xx_hal.o(i.HAL_Init)
    HAL_InitTick                             0x08000c4d   Thumb Code   100  stm32f4xx_hal_timebase_tim.o(i.HAL_InitTick)
    HAL_MspInit                              0x08000cc1   Thumb Code    52  stm32f4xx_hal_msp.o(i.HAL_MspInit)
    HAL_NVIC_EnableIRQ                       0x08000cf9   Thumb Code    26  stm32f4xx_hal_cortex.o(i.HAL_NVIC_EnableIRQ)
    HAL_NVIC_SetPriority                     0x08000d15   Thumb Code    60  stm32f4xx_hal_cortex.o(i.HAL_NVIC_SetPriority)
    HAL_NVIC_SetPriorityGrouping             0x08000d55   Thumb Code    26  stm32f4xx_hal_cortex.o(i.HAL_NVIC_SetPriorityGrouping)
    HAL_RCC_ClockConfig                      0x08000d79   Thumb Code   288  stm32f4xx_hal_rcc.o(i.HAL_RCC_ClockConfig)
    HAL_RCC_GetClockConfig                   0x08000ead   Thumb Code    54  stm32f4xx_hal_rcc.o(i.HAL_RCC_GetClockConfig)
    HAL_RCC_GetPCLK1Freq                     0x08000eed   Thumb Code    20  stm32f4xx_hal_rcc.o(i.HAL_RCC_GetPCLK1Freq)
    HAL_RCC_GetPCLK2Freq                     0x08000f0d   Thumb Code    20  stm32f4xx_hal_rcc.o(i.HAL_RCC_GetPCLK2Freq)
    HAL_RCC_GetSysClockFreq                  0x08000f2d   Thumb Code    88  stm32f4xx_hal_rcc.o(i.HAL_RCC_GetSysClockFreq)
    HAL_RCC_OscConfig                        0x08000f91   Thumb Code   834  stm32f4xx_hal_rcc.o(i.HAL_RCC_OscConfig)
    HAL_TIMEx_BreakCallback                  0x080012ed   Thumb Code     2  stm32f4xx_hal_tim_ex.o(i.HAL_TIMEx_BreakCallback)
    HAL_TIMEx_CommutCallback                 0x080012ef   Thumb Code     2  stm32f4xx_hal_tim_ex.o(i.HAL_TIMEx_CommutCallback)
    HAL_TIMEx_MasterConfigSynchronization    0x080012f1   Thumb Code   116  stm32f4xx_hal_tim_ex.o(i.HAL_TIMEx_MasterConfigSynchronization)
    HAL_TIM_Base_Init                        0x08001381   Thumb Code    54  stm32f4xx_hal_tim.o(i.HAL_TIM_Base_Init)
    HAL_TIM_Base_MspInit                     0x080013b9   Thumb Code    30  tim.o(i.HAL_TIM_Base_MspInit)
    HAL_TIM_Base_Start_IT                    0x080013dd   Thumb Code    34  stm32f4xx_hal_tim.o(i.HAL_TIM_Base_Start_IT)
    HAL_TIM_ConfigClockSource                0x080013ff   Thumb Code   214  stm32f4xx_hal_tim.o(i.HAL_TIM_ConfigClockSource)
    HAL_TIM_IC_CaptureCallback               0x080014d5   Thumb Code     2  stm32f4xx_hal_tim.o(i.HAL_TIM_IC_CaptureCallback)
    HAL_TIM_IRQHandler                       0x080014d7   Thumb Code   358  stm32f4xx_hal_tim.o(i.HAL_TIM_IRQHandler)
    HAL_TIM_MspPostInit                      0x0800163d   Thumb Code    70  tim.o(i.HAL_TIM_MspPostInit)
    HAL_TIM_OC_DelayElapsedCallback          0x0800168d   Thumb Code     2  stm32f4xx_hal_tim.o(i.HAL_TIM_OC_DelayElapsedCallback)
    HAL_TIM_PWM_ConfigChannel                0x0800168f   Thumb Code   208  stm32f4xx_hal_tim.o(i.HAL_TIM_PWM_ConfigChannel)
    HAL_TIM_PWM_Init                         0x0800175f   Thumb Code    54  stm32f4xx_hal_tim.o(i.HAL_TIM_PWM_Init)
    HAL_TIM_PWM_MspInit                      0x08001795   Thumb Code     2  stm32f4xx_hal_tim.o(i.HAL_TIM_PWM_MspInit)
    HAL_TIM_PWM_PulseFinishedCallback        0x08001797   Thumb Code     2  stm32f4xx_hal_tim.o(i.HAL_TIM_PWM_PulseFinishedCallback)
    HAL_TIM_PWM_Start                        0x08001799   Thumb Code    58  stm32f4xx_hal_tim.o(i.HAL_TIM_PWM_Start)
    HAL_TIM_PeriodElapsedCallback            0x080017dd   Thumb Code    14  main.o(i.HAL_TIM_PeriodElapsedCallback)
    HAL_TIM_TriggerCallback                  0x080017f1   Thumb Code     2  stm32f4xx_hal_tim.o(i.HAL_TIM_TriggerCallback)
    HAL_UART_ErrorCallback                   0x080017f3   Thumb Code     2  stm32f4xx_hal_uart.o(i.HAL_UART_ErrorCallback)
    HAL_UART_IRQHandler                      0x080017f5   Thumb Code   270  stm32f4xx_hal_uart.o(i.HAL_UART_IRQHandler)
    HAL_UART_Init                            0x08001909   Thumb Code    98  stm32f4xx_hal_uart.o(i.HAL_UART_Init)
    HAL_UART_MspInit                         0x0800196d   Thumb Code   108  usart.o(i.HAL_UART_MspInit)
    HAL_UART_RxCpltCallback                  0x080019e5   Thumb Code     2  stm32f4xx_hal_uart.o(i.HAL_UART_RxCpltCallback)
    HAL_UART_Transmit                        0x080019e7   Thumb Code   186  stm32f4xx_hal_uart.o(i.HAL_UART_Transmit)
    HAL_UART_TxCpltCallback                  0x08001aa1   Thumb Code     2  stm32f4xx_hal_uart.o(i.HAL_UART_TxCpltCallback)
    HardFault_Handler                        0x08001aa3   Thumb Code     2  stm32f4xx_it.o(i.HardFault_Handler)
    MX_FREERTOS_Init                         0x08001aa5   Thumb Code    74  freertos.o(i.MX_FREERTOS_Init)
    MX_GPIO_Init                             0x08001af9   Thumb Code   116  gpio.o(i.MX_GPIO_Init)
    MX_TIM2_Init                             0x08001b75   Thumb Code   196  tim.o(i.MX_TIM2_Init)
    MX_USART2_UART_Init                      0x08001c3d   Thumb Code    48  usart.o(i.MX_USART2_UART_Init)
    MemManage_Handler                        0x08001c75   Thumb Code     2  stm32f4xx_it.o(i.MemManage_Handler)
    NMI_Handler                              0x08001c77   Thumb Code     2  stm32f4xx_it.o(i.NMI_Handler)
    Servo_Task                               0x08001c79   Thumb Code   166  freertos.o(i.Servo_Task)
    SysTick_Handler                          0x08001d51   Thumb Code    38  port.o(i.SysTick_Handler)
    SystemClock_Config                       0x08001d7d   Thumb Code   124  main.o(i.SystemClock_Config)
    SystemInit                               0x08001e01   Thumb Code    22  system_stm32f4xx.o(i.SystemInit)
    TIM1_UP_TIM10_IRQHandler                 0x08001e1d   Thumb Code     6  stm32f4xx_it.o(i.TIM1_UP_TIM10_IRQHandler)
    TIM_Base_SetConfig                       0x08001e29   Thumb Code   156  stm32f4xx_hal_tim.o(i.TIM_Base_SetConfig)
    TIM_CCxChannelCmd                        0x08001ef1   Thumb Code    26  stm32f4xx_hal_tim.o(i.TIM_CCxChannelCmd)
    TIM_ETR_SetConfig                        0x08001f0b   Thumb Code    20  stm32f4xx_hal_tim.o(i.TIM_ETR_SetConfig)
    TIM_OC2_SetConfig                        0x08001f91   Thumb Code    98  stm32f4xx_hal_tim.o(i.TIM_OC2_SetConfig)
    Top_Task                                 0x080020fd   Thumb Code    52  freertos.o(i.Top_Task)
    USART2_IRQHandler                        0x080023f1   Thumb Code     6  stm32f4xx_it.o(i.USART2_IRQHandler)
    UsageFault_Handler                       0x080023fd   Thumb Code     2  stm32f4xx_it.o(i.UsageFault_Handler)
    __0printf                                0x08002401   Thumb Code    22  printfa.o(i.__0printf)
    __1printf                                0x08002401   Thumb Code     0  printfa.o(i.__0printf)
    __2printf                                0x08002401   Thumb Code     0  printfa.o(i.__0printf)
    __c89printf                              0x08002401   Thumb Code     0  printfa.o(i.__0printf)
    printf                                   0x08002401   Thumb Code     0  printfa.o(i.__0printf)
    __ARM_fpclassifyf                        0x08002421   Thumb Code    38  fpclassifyf.o(i.__ARM_fpclassifyf)
    __hardfp_acosf                           0x08002469   Thumb Code   234  acosf.o(i.__hardfp_acosf)
    __hardfp_atanf                           0x08002581   Thumb Code   296  atanf.o(i.__hardfp_atanf)
    __hardfp_fabs                            0x080026e1   Thumb Code    20  fabs.o(i.__hardfp_fabs)
    __hardfp_sqrt                            0x080026f5   Thumb Code   122  sqrt.o(i.__hardfp_sqrt)
    __mathlib_flt_infnan                     0x0800276f   Thumb Code     6  funder.o(i.__mathlib_flt_infnan)
    __mathlib_flt_invalid                    0x08002775   Thumb Code    10  funder.o(i.__mathlib_flt_invalid)
    __mathlib_flt_underflow                  0x08002785   Thumb Code    10  funder.o(i.__mathlib_flt_underflow)
    __scatterload_copy                       0x08002795   Thumb Code    14  handlers.o(i.__scatterload_copy)
    __scatterload_null                       0x080027a3   Thumb Code     2  handlers.o(i.__scatterload_null)
    __scatterload_zeroinit                   0x080027a5   Thumb Code    14  handlers.o(i.__scatterload_zeroinit)
    __set_errno                              0x080027b5   Thumb Code     6  errno.o(i.__set_errno)
    attitudeGetAngle                         0x08003055   Thumb Code   494  caculate.o(i.attitudeGetAngle)
    fputc                                    0x08003281   Thumb Code    20  printf.o(i.fputc)
    main                                     0x08003299   Thumb Code    72  main.o(i.main)
    osDelay                                  0x080032f5   Thumb Code    14  cmsis_os.o(i.osDelay)
    osKernelStart                            0x08003303   Thumb Code    10  cmsis_os.o(i.osKernelStart)
    osMessageCreate                          0x0800330d   Thumb Code    38  cmsis_os.o(i.osMessageCreate)
    osThreadCreate                           0x08003333   Thumb Code    84  cmsis_os.o(i.osThreadCreate)
    pvPortMalloc                             0x080037fd   Thumb Code   210  heap_4.o(i.pvPortMalloc)
    pxPortInitialiseStack                    0x080038d5   Thumb Code    40  port.o(i.pxPortInitialiseStack)
    servo1                                   0x08003901   Thumb Code    28  grip.o(i.servo1)
    servo2                                   0x08003921   Thumb Code    28  grip.o(i.servo2)
    servo3                                   0x08003941   Thumb Code    28  grip.o(i.servo3)
    sqrtf                                    0x08003961   Thumb Code    62  sqrtf.o(i.sqrtf)
    uxListRemove                             0x0800399f   Thumb Code    38  list.o(i.uxListRemove)
    vApplicationGetIdleTaskMemory            0x080039c5   Thumb Code    16  freertos.o(i.vApplicationGetIdleTaskMemory)
    vListInitialise                          0x080039d9   Thumb Code    22  list.o(i.vListInitialise)
    vListInitialiseItem                      0x080039ef   Thumb Code     6  list.o(i.vListInitialiseItem)
    vListInsert                              0x080039f5   Thumb Code    48  list.o(i.vListInsert)
    vListInsertEnd                           0x08003a25   Thumb Code    24  list.o(i.vListInsertEnd)
    vPortEnterCritical                       0x08003a3d   Thumb Code    54  port.o(i.vPortEnterCritical)
    vPortExitCritical                        0x08003a7d   Thumb Code    34  port.o(i.vPortExitCritical)
    vPortFree                                0x08003aa5   Thumb Code    88  heap_4.o(i.vPortFree)
    vPortSetupTimerInterrupt                 0x08003b01   Thumb Code    32  port.o(i.vPortSetupTimerInterrupt)
    vTaskDelay                               0x08003b25   Thumb Code    66  tasks.o(i.vTaskDelay)
    vTaskInternalSetTimeOutState             0x08003b71   Thumb Code    12  tasks.o(i.vTaskInternalSetTimeOutState)
    vTaskMissedYield                         0x08003b81   Thumb Code     8  tasks.o(i.vTaskMissedYield)
    vTaskPlaceOnEventList                    0x08003b8d   Thumb Code    44  tasks.o(i.vTaskPlaceOnEventList)
    vTaskStartScheduler                      0x08003bbd   Thumb Code    90  tasks.o(i.vTaskStartScheduler)
    vTaskSuspendAll                          0x08003c29   Thumb Code    10  tasks.o(i.vTaskSuspendAll)
    vTaskSwitchContext                       0x08003c39   Thumb Code    82  tasks.o(i.vTaskSwitchContext)
    xPortStartScheduler                      0x08003c95   Thumb Code   222  port.o(i.xPortStartScheduler)
    xQueueGenericCreate                      0x08003d89   Thumb Code    72  queue.o(i.xQueueGenericCreate)
    xQueueGenericCreateStatic                0x08003dd1   Thumb Code   102  queue.o(i.xQueueGenericCreateStatic)
    xQueueGenericReset                       0x08003e39   Thumb Code   132  queue.o(i.xQueueGenericReset)
    xQueueGenericSend                        0x08003ec1   Thumb Code   346  queue.o(i.xQueueGenericSend)
    xQueueReceive                            0x08004021   Thumb Code   308  queue.o(i.xQueueReceive)
    xTaskCheckForTimeOut                     0x08004159   Thumb Code   112  tasks.o(i.xTaskCheckForTimeOut)
    xTaskCreate                              0x080041cd   Thumb Code    90  tasks.o(i.xTaskCreate)
    xTaskCreateStatic                        0x08004227   Thumb Code    86  tasks.o(i.xTaskCreateStatic)
    xTaskGetSchedulerState                   0x0800427d   Thumb Code    22  tasks.o(i.xTaskGetSchedulerState)
    xTaskIncrementTick                       0x08004299   Thumb Code   192  tasks.o(i.xTaskIncrementTick)
    xTaskPriorityDisinherit                  0x08004361   Thumb Code   144  tasks.o(i.xTaskPriorityDisinherit)
    xTaskRemoveFromEventList                 0x080043f9   Thumb Code   108  tasks.o(i.xTaskRemoveFromEventList)
    xTaskResumeAll                           0x0800446d   Thumb Code   182  tasks.o(i.xTaskResumeAll)
    AHBPrescTable                            0x08004584   Data          16  system_stm32f4xx.o(.constdata)
    APBPrescTable                            0x08004594   Data           8  system_stm32f4xx.o(.constdata)
    Region$$Table$$Base                      0x080045b0   Number         0  anon$$obj.o(Region$$Table)
    Region$$Table$$Limit                     0x080045d0   Number         0  anon$$obj.o(Region$$Table)
    ServoTaskHandle                          0x20000000   Data           4  freertos.o(.data)
    TopTaskHandle                            0x20000004   Data           4  freertos.o(.data)
    myQueue01Handle                          0x20000008   Data           4  freertos.o(.data)
    uwTickFreq                               0x2000000c   Data           1  stm32f4xx_hal.o(.data)
    uwTickPrio                               0x20000010   Data           4  stm32f4xx_hal.o(.data)
    uwTick                                   0x20000014   Data           4  stm32f4xx_hal.o(.data)
    SystemCoreClock                          0x20000018   Data           4  system_stm32f4xx.o(.data)
    pxCurrentTCB                             0x2000001c   Data           4  tasks.o(.data)
    __stdout                                 0x2000007c   Data           4  stdout.o(.data)
    tx                                       0x20000084   Data          20  freertos.o(.bss)
    rx                                       0x20000098   Data          20  freertos.o(.bss)
    htim2                                    0x20000300   Data          64  tim.o(.bss)
    huart2                                   0x20000340   Data          64  usart.o(.bss)
    htim1                                    0x20000380   Data          64  stm32f4xx_hal_timebase_tim.o(.bss)
    __initial_sp                             0x200044b0   Data           0  startup_stm32f427xx.o(STACK)



==============================================================================

Memory Map of the image

  Image Entry point : 0x080001ad

  Load Region LR_IROM1 (Base: 0x08000000, Size: 0x00004654, Max: 0x00200000, ABSOLUTE)

    Execution Region ER_IROM1 (Exec base: 0x08000000, Load base: 0x08000000, Size: 0x000045d0, Max: 0x00200000, ABSOLUTE)

    Exec Addr    Load Addr    Size         Type   Attr      Idx    E Section Name        Object

    0x08000000   0x08000000   0x000001ac   Data   RO            3    RESET               startup_stm32f427xx.o
    0x080001ac   0x080001ac   0x00000000   Code   RO         4467  * .ARM.Collect$$$$00000000  mc_w.l(entry.o)
    0x080001ac   0x080001ac   0x00000004   Code   RO         4783    .ARM.Collect$$$$00000001  mc_w.l(entry2.o)
    0x080001b0   0x080001b0   0x00000004   Code   RO         4786    .ARM.Collect$$$$00000004  mc_w.l(entry5.o)
    0x080001b4   0x080001b4   0x00000000   Code   RO         4788    .ARM.Collect$$$$00000008  mc_w.l(entry7b.o)
    0x080001b4   0x080001b4   0x00000000   Code   RO         4790    .ARM.Collect$$$$0000000A  mc_w.l(entry8b.o)
    0x080001b4   0x080001b4   0x00000008   Code   RO         4791    .ARM.Collect$$$$0000000B  mc_w.l(entry9a.o)
    0x080001bc   0x080001bc   0x00000000   Code   RO         4793    .ARM.Collect$$$$0000000D  mc_w.l(entry10a.o)
    0x080001bc   0x080001bc   0x00000000   Code   RO         4795    .ARM.Collect$$$$0000000F  mc_w.l(entry11a.o)
    0x080001bc   0x080001bc   0x00000004   Code   RO         4784    .ARM.Collect$$$$00002712  mc_w.l(entry2.o)
    0x080001c0   0x080001c0   0x000000be   Code   RO         4348    .emb_text           port.o
    0x0800027e   0x0800027e   0x00000002   PAD
    0x08000280   0x08000280   0x00000024   Code   RO            4    .text               startup_stm32f427xx.o
    0x080002a4   0x080002a4   0x00000062   Code   RO         4470    .text               mc_w.l(uldiv.o)
    0x08000306   0x08000306   0x00000024   Code   RO         4472    .text               mc_w.l(memcpya.o)
    0x0800032a   0x0800032a   0x00000024   Code   RO         4476    .text               mc_w.l(memseta.o)
    0x0800034e   0x0800034e   0x0000014e   Code   RO         4741    .text               mf_w.l(dadd.o)
    0x0800049c   0x0800049c   0x000000e4   Code   RO         4743    .text               mf_w.l(dmul.o)
    0x08000580   0x08000580   0x00000026   Code   RO         4747    .text               mf_w.l(f2d.o)
    0x080005a6   0x080005a6   0x00000002   PAD
    0x080005a8   0x080005a8   0x00000030   Code   RO         4749    .text               mf_w.l(cdcmple.o)
    0x080005d8   0x080005d8   0x00000030   Code   RO         4751    .text               mf_w.l(cdrcmple.o)
    0x08000608   0x08000608   0x00000038   Code   RO         4753    .text               mf_w.l(d2f.o)
    0x08000640   0x08000640   0x0000002c   Code   RO         4798    .text               mc_w.l(uidiv.o)
    0x0800066c   0x0800066c   0x0000001e   Code   RO         4800    .text               mc_w.l(llshl.o)
    0x0800068a   0x0800068a   0x00000020   Code   RO         4802    .text               mc_w.l(llushr.o)
    0x080006aa   0x080006aa   0x00000024   Code   RO         4804    .text               mc_w.l(llsshr.o)
    0x080006ce   0x080006ce   0x00000000   Code   RO         4813    .text               mc_w.l(iusefp.o)
    0x080006ce   0x080006ce   0x0000006e   Code   RO         4814    .text               mf_w.l(fepilogue.o)
    0x0800073c   0x0800073c   0x000000ba   Code   RO         4816    .text               mf_w.l(depilogue.o)
    0x080007f6   0x080007f6   0x000000de   Code   RO         4818    .text               mf_w.l(ddiv.o)
    0x080008d4   0x080008d4   0x000000a2   Code   RO         4820    .text               mf_w.l(dsqrt.o)
    0x08000976   0x08000976   0x00000030   Code   RO         4822    .text               mf_w.l(dfixul.o)
    0x080009a6   0x080009a6   0x00000002   PAD
    0x080009a8   0x080009a8   0x00000024   Code   RO         4824    .text               mc_w.l(init.o)
    0x080009cc   0x080009cc   0x00000002   Code   RO          381    i.BusFault_Handler  stm32f4xx_it.o
    0x080009ce   0x080009ce   0x00000002   Code   RO          382    i.DebugMon_Handler  stm32f4xx_it.o
    0x080009d0   0x080009d0   0x00000002   Code   RO           13    i.Error_Handler     main.o
    0x080009d2   0x080009d2   0x00000024   Code   RO         2283    i.HAL_DMA_Abort_IT  stm32f4xx_hal_dma.o
    0x080009f6   0x080009f6   0x00000002   PAD
    0x080009f8   0x080009f8   0x00000024   Code   RO         2719    i.HAL_Delay         stm32f4xx_hal.o
    0x08000a1c   0x08000a1c   0x000001d4   Code   RO         2175    i.HAL_GPIO_Init     stm32f4xx_hal_gpio.o
    0x08000bf0   0x08000bf0   0x0000000a   Code   RO         2179    i.HAL_GPIO_WritePin  stm32f4xx_hal_gpio.o
    0x08000bfa   0x08000bfa   0x00000002   PAD
    0x08000bfc   0x08000bfc   0x0000000c   Code   RO         2727    i.HAL_GetTick       stm32f4xx_hal.o
    0x08000c08   0x08000c08   0x00000010   Code   RO         2733    i.HAL_IncTick       stm32f4xx_hal.o
    0x08000c18   0x08000c18   0x00000034   Code   RO         2734    i.HAL_Init          stm32f4xx_hal.o
    0x08000c4c   0x08000c4c   0x00000074   Code   RO          475    i.HAL_InitTick      stm32f4xx_hal_timebase_tim.o
    0x08000cc0   0x08000cc0   0x00000038   Code   RO          451    i.HAL_MspInit       stm32f4xx_hal_msp.o
    0x08000cf8   0x08000cf8   0x0000001a   Code   RO         2582    i.HAL_NVIC_EnableIRQ  stm32f4xx_hal_cortex.o
    0x08000d12   0x08000d12   0x00000002   PAD
    0x08000d14   0x08000d14   0x00000040   Code   RO         2588    i.HAL_NVIC_SetPriority  stm32f4xx_hal_cortex.o
    0x08000d54   0x08000d54   0x00000024   Code   RO         2589    i.HAL_NVIC_SetPriorityGrouping  stm32f4xx_hal_cortex.o
    0x08000d78   0x08000d78   0x00000134   Code   RO         1769    i.HAL_RCC_ClockConfig  stm32f4xx_hal_rcc.o
    0x08000eac   0x08000eac   0x00000040   Code   RO         1773    i.HAL_RCC_GetClockConfig  stm32f4xx_hal_rcc.o
    0x08000eec   0x08000eec   0x00000020   Code   RO         1776    i.HAL_RCC_GetPCLK1Freq  stm32f4xx_hal_rcc.o
    0x08000f0c   0x08000f0c   0x00000020   Code   RO         1777    i.HAL_RCC_GetPCLK2Freq  stm32f4xx_hal_rcc.o
    0x08000f2c   0x08000f2c   0x00000064   Code   RO         1778    i.HAL_RCC_GetSysClockFreq  stm32f4xx_hal_rcc.o
    0x08000f90   0x08000f90   0x0000035c   Code   RO         1781    i.HAL_RCC_OscConfig  stm32f4xx_hal_rcc.o
    0x080012ec   0x080012ec   0x00000002   Code   RO         1191    i.HAL_TIMEx_BreakCallback  stm32f4xx_hal_tim_ex.o
    0x080012ee   0x080012ee   0x00000002   Code   RO         1192    i.HAL_TIMEx_CommutCallback  stm32f4xx_hal_tim_ex.o
    0x080012f0   0x080012f0   0x00000090   Code   RO         1209    i.HAL_TIMEx_MasterConfigSynchronization  stm32f4xx_hal_tim_ex.o
    0x08001380   0x08001380   0x00000036   Code   RO          516    i.HAL_TIM_Base_Init  stm32f4xx_hal_tim.o
    0x080013b6   0x080013b6   0x00000002   PAD
    0x080013b8   0x080013b8   0x00000024   Code   RO          292    i.HAL_TIM_Base_MspInit  tim.o
    0x080013dc   0x080013dc   0x00000022   Code   RO          521    i.HAL_TIM_Base_Start_IT  stm32f4xx_hal_tim.o
    0x080013fe   0x080013fe   0x000000d6   Code   RO          525    i.HAL_TIM_ConfigClockSource  stm32f4xx_hal_tim.o
    0x080014d4   0x080014d4   0x00000002   Code   RO          545    i.HAL_TIM_IC_CaptureCallback  stm32f4xx_hal_tim.o
    0x080014d6   0x080014d6   0x00000166   Code   RO          559    i.HAL_TIM_IRQHandler  stm32f4xx_hal_tim.o
    0x0800163c   0x0800163c   0x00000050   Code   RO          293    i.HAL_TIM_MspPostInit  tim.o
    0x0800168c   0x0800168c   0x00000002   Code   RO          562    i.HAL_TIM_OC_DelayElapsedCallback  stm32f4xx_hal_tim.o
    0x0800168e   0x0800168e   0x000000d0   Code   RO          583    i.HAL_TIM_PWM_ConfigChannel  stm32f4xx_hal_tim.o
    0x0800175e   0x0800175e   0x00000036   Code   RO          586    i.HAL_TIM_PWM_Init  stm32f4xx_hal_tim.o
    0x08001794   0x08001794   0x00000002   Code   RO          588    i.HAL_TIM_PWM_MspInit  stm32f4xx_hal_tim.o
    0x08001796   0x08001796   0x00000002   Code   RO          589    i.HAL_TIM_PWM_PulseFinishedCallback  stm32f4xx_hal_tim.o
    0x08001798   0x08001798   0x00000044   Code   RO          591    i.HAL_TIM_PWM_Start  stm32f4xx_hal_tim.o
    0x080017dc   0x080017dc   0x00000014   Code   RO           14    i.HAL_TIM_PeriodElapsedCallback  main.o
    0x080017f0   0x080017f0   0x00000002   Code   RO          602    i.HAL_TIM_TriggerCallback  stm32f4xx_hal_tim.o
    0x080017f2   0x080017f2   0x00000002   Code   RO         1463    i.HAL_UART_ErrorCallback  stm32f4xx_hal_uart.o
    0x080017f4   0x080017f4   0x00000114   Code   RO         1466    i.HAL_UART_IRQHandler  stm32f4xx_hal_uart.o
    0x08001908   0x08001908   0x00000062   Code   RO         1467    i.HAL_UART_Init     stm32f4xx_hal_uart.o
    0x0800196a   0x0800196a   0x00000002   PAD
    0x0800196c   0x0800196c   0x00000078   Code   RO          340    i.HAL_UART_MspInit  usart.o
    0x080019e4   0x080019e4   0x00000002   Code   RO         1473    i.HAL_UART_RxCpltCallback  stm32f4xx_hal_uart.o
    0x080019e6   0x080019e6   0x000000ba   Code   RO         1475    i.HAL_UART_Transmit  stm32f4xx_hal_uart.o
    0x08001aa0   0x08001aa0   0x00000002   Code   RO         1478    i.HAL_UART_TxCpltCallback  stm32f4xx_hal_uart.o
    0x08001aa2   0x08001aa2   0x00000002   Code   RO          383    i.HardFault_Handler  stm32f4xx_it.o
    0x08001aa4   0x08001aa4   0x00000054   Code   RO          232    i.MX_FREERTOS_Init  freertos.o
    0x08001af8   0x08001af8   0x0000007c   Code   RO          208    i.MX_GPIO_Init      gpio.o
    0x08001b74   0x08001b74   0x000000c8   Code   RO          294    i.MX_TIM2_Init      tim.o
    0x08001c3c   0x08001c3c   0x00000038   Code   RO          341    i.MX_USART2_UART_Init  usart.o
    0x08001c74   0x08001c74   0x00000002   Code   RO          384    i.MemManage_Handler  stm32f4xx_it.o
    0x08001c76   0x08001c76   0x00000002   Code   RO          385    i.NMI_Handler       stm32f4xx_it.o
    0x08001c78   0x08001c78   0x000000d8   Code   RO          233    i.Servo_Task        freertos.o
    0x08001d50   0x08001d50   0x0000002c   Code   RO         4349    i.SysTick_Handler   port.o
    0x08001d7c   0x08001d7c   0x00000084   Code   RO           15    i.SystemClock_Config  main.o
    0x08001e00   0x08001e00   0x0000001c   Code   RO         2983    i.SystemInit        system_stm32f4xx.o
    0x08001e1c   0x08001e1c   0x0000000c   Code   RO          386    i.TIM1_UP_TIM10_IRQHandler  stm32f4xx_it.o
    0x08001e28   0x08001e28   0x000000c8   Code   RO          604    i.TIM_Base_SetConfig  stm32f4xx_hal_tim.o
    0x08001ef0   0x08001ef0   0x0000001a   Code   RO          605    i.TIM_CCxChannelCmd  stm32f4xx_hal_tim.o
    0x08001f0a   0x08001f0a   0x00000014   Code   RO          615    i.TIM_ETR_SetConfig  stm32f4xx_hal_tim.o
    0x08001f1e   0x08001f1e   0x00000010   Code   RO          616    i.TIM_ITRx_SetConfig  stm32f4xx_hal_tim.o
    0x08001f2e   0x08001f2e   0x00000002   PAD
    0x08001f30   0x08001f30   0x00000060   Code   RO          617    i.TIM_OC1_SetConfig  stm32f4xx_hal_tim.o
    0x08001f90   0x08001f90   0x0000006c   Code   RO          618    i.TIM_OC2_SetConfig  stm32f4xx_hal_tim.o
    0x08001ffc   0x08001ffc   0x00000068   Code   RO          619    i.TIM_OC3_SetConfig  stm32f4xx_hal_tim.o
    0x08002064   0x08002064   0x00000050   Code   RO          620    i.TIM_OC4_SetConfig  stm32f4xx_hal_tim.o
    0x080020b4   0x080020b4   0x00000022   Code   RO          622    i.TIM_TI1_ConfigInputStage  stm32f4xx_hal_tim.o
    0x080020d6   0x080020d6   0x00000024   Code   RO          624    i.TIM_TI2_ConfigInputStage  stm32f4xx_hal_tim.o
    0x080020fa   0x080020fa   0x00000002   PAD
    0x080020fc   0x080020fc   0x00000040   Code   RO          234    i.Top_Task          freertos.o
    0x0800213c   0x0800213c   0x00000010   Code   RO         1480    i.UART_DMAAbortOnError  stm32f4xx_hal_uart.o
    0x0800214c   0x0800214c   0x0000001c   Code   RO         1490    i.UART_EndRxTransfer  stm32f4xx_hal_uart.o
    0x08002168   0x08002168   0x00000096   Code   RO         1492    i.UART_Receive_IT   stm32f4xx_hal_uart.o
    0x080021fe   0x080021fe   0x00000002   PAD
    0x08002200   0x08002200   0x00000128   Code   RO         1493    i.UART_SetConfig    stm32f4xx_hal_uart.o
    0x08002328   0x08002328   0x00000062   Code   RO         1494    i.UART_Transmit_IT  stm32f4xx_hal_uart.o
    0x0800238a   0x0800238a   0x00000064   Code   RO         1495    i.UART_WaitOnFlagUntilTimeout  stm32f4xx_hal_uart.o
    0x080023ee   0x080023ee   0x00000002   PAD
    0x080023f0   0x080023f0   0x0000000c   Code   RO          387    i.USART2_IRQHandler  stm32f4xx_it.o
    0x080023fc   0x080023fc   0x00000002   Code   RO          388    i.UsageFault_Handler  stm32f4xx_it.o
    0x080023fe   0x080023fe   0x00000002   PAD
    0x08002400   0x08002400   0x00000020   Code   RO         4713    i.__0printf         mc_w.l(printfa.o)
    0x08002420   0x08002420   0x00000026   Code   RO         4755    i.__ARM_fpclassifyf  m_wm.l(fpclassifyf.o)
    0x08002446   0x08002446   0x00000020   Code   RO         2595    i.__NVIC_SetPriority  stm32f4xx_hal_cortex.o
    0x08002466   0x08002466   0x00000002   PAD
    0x08002468   0x08002468   0x00000118   Code   RO         4425    i.__hardfp_acosf    m_wm.l(acosf.o)
    0x08002580   0x08002580   0x00000160   Code   RO         4437    i.__hardfp_atanf    m_wm.l(atanf.o)
    0x080026e0   0x080026e0   0x00000014   Code   RO         4449    i.__hardfp_fabs     m_wm.l(fabs.o)
    0x080026f4   0x080026f4   0x0000007a   Code   RO         4455    i.__hardfp_sqrt     m_wm.l(sqrt.o)
    0x0800276e   0x0800276e   0x00000006   Code   RO         4758    i.__mathlib_flt_infnan  m_wm.l(funder.o)
    0x08002774   0x08002774   0x00000010   Code   RO         4760    i.__mathlib_flt_invalid  m_wm.l(funder.o)
    0x08002784   0x08002784   0x00000010   Code   RO         4763    i.__mathlib_flt_underflow  m_wm.l(funder.o)
    0x08002794   0x08002794   0x0000000e   Code   RO         4828    i.__scatterload_copy  mc_w.l(handlers.o)
    0x080027a2   0x080027a2   0x00000002   Code   RO         4829    i.__scatterload_null  mc_w.l(handlers.o)
    0x080027a4   0x080027a4   0x0000000e   Code   RO         4830    i.__scatterload_zeroinit  mc_w.l(handlers.o)
    0x080027b2   0x080027b2   0x00000002   PAD
    0x080027b4   0x080027b4   0x0000000c   Code   RO         4808    i.__set_errno       mc_w.l(errno.o)
    0x080027c0   0x080027c0   0x00000164   Code   RO         4720    i._fp_digits        mc_w.l(printfa.o)
    0x08002924   0x08002924   0x000006dc   Code   RO         4721    i._printf_core      mc_w.l(printfa.o)
    0x08003000   0x08003000   0x00000024   Code   RO         4722    i._printf_post_padding  mc_w.l(printfa.o)
    0x08003024   0x08003024   0x0000002e   Code   RO         4723    i._printf_pre_padding  mc_w.l(printfa.o)
    0x08003052   0x08003052   0x00000002   PAD
    0x08003054   0x08003054   0x0000022c   Code   RO         3105    i.attitudeGetAngle  caculate.o
    0x08003280   0x08003280   0x00000018   Code   RO         3125    i.fputc             printf.o
    0x08003298   0x08003298   0x00000050   Code   RO           16    i.main              main.o
    0x080032e8   0x080032e8   0x0000000c   Code   RO         3920    i.makeFreeRtosPriority  cmsis_os.o
    0x080032f4   0x080032f4   0x0000000e   Code   RO         3922    i.osDelay           cmsis_os.o
    0x08003302   0x08003302   0x0000000a   Code   RO         3925    i.osKernelStart     cmsis_os.o
    0x0800330c   0x0800330c   0x00000026   Code   RO         3934    i.osMessageCreate   cmsis_os.o
    0x08003332   0x08003332   0x00000054   Code   RO         3959    i.osThreadCreate    cmsis_os.o
    0x08003386   0x08003386   0x00000002   PAD
    0x08003388   0x08003388   0x00000070   Code   RO         3617    i.prvAddCurrentTaskToDelayedList  tasks.o
    0x080033f8   0x080033f8   0x000000d0   Code   RO         3618    i.prvAddNewTaskToReadyList  tasks.o
    0x080034c8   0x080034c8   0x00000026   Code   RO         3302    i.prvCopyDataFromQueue  queue.o
    0x080034ee   0x080034ee   0x0000006c   Code   RO         3303    i.prvCopyDataToQueue  queue.o
    0x0800355a   0x0800355a   0x00000034   Code   RO         3619    i.prvDeleteTCB      tasks.o
    0x0800358e   0x0800358e   0x00000002   PAD
    0x08003590   0x08003590   0x0000004c   Code   RO         4287    i.prvHeapInit       heap_4.o
    0x080035dc   0x080035dc   0x00000060   Code   RO         3620    i.prvIdleTask       tasks.o
    0x0800363c   0x0800363c   0x00000016   Code   RO         3305    i.prvInitialiseNewQueue  queue.o
    0x08003652   0x08003652   0x0000008e   Code   RO         3621    i.prvInitialiseNewTask  tasks.o
    0x080036e0   0x080036e0   0x0000004c   Code   RO         4288    i.prvInsertBlockIntoFreeList  heap_4.o
    0x0800372c   0x0800372c   0x0000001c   Code   RO         3306    i.prvIsQueueEmpty   queue.o
    0x08003748   0x08003748   0x00000020   Code   RO         3622    i.prvResetNextTaskUnblockTime  tasks.o
    0x08003768   0x08003768   0x00000028   Code   RO         4350    i.prvTaskExitError  port.o
    0x08003790   0x08003790   0x0000006a   Code   RO         3307    i.prvUnlockQueue    queue.o
    0x080037fa   0x080037fa   0x00000002   PAD
    0x080037fc   0x080037fc   0x000000d8   Code   RO         4289    i.pvPortMalloc      heap_4.o
    0x080038d4   0x080038d4   0x0000002c   Code   RO         4351    i.pxPortInitialiseStack  port.o
    0x08003900   0x08003900   0x00000020   Code   RO         3028    i.servo1            grip.o
    0x08003920   0x08003920   0x00000020   Code   RO         3029    i.servo2            grip.o
    0x08003940   0x08003940   0x00000020   Code   RO         3030    i.servo3            grip.o
    0x08003960   0x08003960   0x0000003e   Code   RO         4773    i.sqrtf             m_wm.l(sqrtf.o)
    0x0800399e   0x0800399e   0x00000026   Code   RO         3262    i.uxListRemove      list.o
    0x080039c4   0x080039c4   0x00000014   Code   RO          235    i.vApplicationGetIdleTaskMemory  freertos.o
    0x080039d8   0x080039d8   0x00000016   Code   RO         3263    i.vListInitialise   list.o
    0x080039ee   0x080039ee   0x00000006   Code   RO         3264    i.vListInitialiseItem  list.o
    0x080039f4   0x080039f4   0x00000030   Code   RO         3265    i.vListInsert       list.o
    0x08003a24   0x08003a24   0x00000018   Code   RO         3266    i.vListInsertEnd    list.o
    0x08003a3c   0x08003a3c   0x00000040   Code   RO         4353    i.vPortEnterCritical  port.o
    0x08003a7c   0x08003a7c   0x00000028   Code   RO         4354    i.vPortExitCritical  port.o
    0x08003aa4   0x08003aa4   0x0000005c   Code   RO         4290    i.vPortFree         heap_4.o
    0x08003b00   0x08003b00   0x00000024   Code   RO         4355    i.vPortSetupTimerInterrupt  port.o
    0x08003b24   0x08003b24   0x0000004c   Code   RO         3630    i.vTaskDelay        tasks.o
    0x08003b70   0x08003b70   0x00000010   Code   RO         3633    i.vTaskInternalSetTimeOutState  tasks.o
    0x08003b80   0x08003b80   0x0000000c   Code   RO         3634    i.vTaskMissedYield  tasks.o
    0x08003b8c   0x08003b8c   0x00000030   Code   RO         3636    i.vTaskPlaceOnEventList  tasks.o
    0x08003bbc   0x08003bbc   0x0000006c   Code   RO         3643    i.vTaskStartScheduler  tasks.o
    0x08003c28   0x08003c28   0x00000010   Code   RO         3645    i.vTaskSuspendAll   tasks.o
    0x08003c38   0x08003c38   0x0000005c   Code   RO         3646    i.vTaskSwitchContext  tasks.o
    0x08003c94   0x08003c94   0x000000f4   Code   RO         4357    i.xPortStartScheduler  port.o
    0x08003d88   0x08003d88   0x00000048   Code   RO         3316    i.xQueueGenericCreate  queue.o
    0x08003dd0   0x08003dd0   0x00000066   Code   RO         3317    i.xQueueGenericCreateStatic  queue.o
    0x08003e36   0x08003e36   0x00000002   PAD
    0x08003e38   0x08003e38   0x00000088   Code   RO         3318    i.xQueueGenericReset  queue.o
    0x08003ec0   0x08003ec0   0x00000160   Code   RO         3319    i.xQueueGenericSend  queue.o
    0x08004020   0x08004020   0x00000138   Code   RO         3326    i.xQueueReceive     queue.o
    0x08004158   0x08004158   0x00000074   Code   RO         3647    i.xTaskCheckForTimeOut  tasks.o
    0x080041cc   0x080041cc   0x0000005a   Code   RO         3648    i.xTaskCreate       tasks.o
    0x08004226   0x08004226   0x00000056   Code   RO         3649    i.xTaskCreateStatic  tasks.o
    0x0800427c   0x0800427c   0x0000001c   Code   RO         3653    i.xTaskGetSchedulerState  tasks.o
    0x08004298   0x08004298   0x000000c8   Code   RO         3656    i.xTaskIncrementTick  tasks.o
    0x08004360   0x08004360   0x00000098   Code   RO         3659    i.xTaskPriorityDisinherit  tasks.o
    0x080043f8   0x080043f8   0x00000074   Code   RO         3661    i.xTaskRemoveFromEventList  tasks.o
    0x0800446c   0x0800446c   0x000000c4   Code   RO         3662    i.xTaskResumeAll    tasks.o
    0x08004530   0x08004530   0x00000054   Data   RO          237    .constdata          freertos.o
    0x08004584   0x08004584   0x00000010   Data   RO         2984    .constdata          system_stm32f4xx.o
    0x08004594   0x08004594   0x00000008   Data   RO         2985    .constdata          system_stm32f4xx.o
    0x0800459c   0x0800459c   0x00000014   Data   RO          238    .conststring        freertos.o
    0x080045b0   0x080045b0   0x00000020   Data   RO         4826    Region$$Table       anon$$obj.o


    Execution Region RW_IRAM1 (Exec base: 0x20000000, Load base: 0x080045d0, Size: 0x000044b0, Max: 0x00030000, ABSOLUTE)

    Exec Addr    Load Addr    Size         Type   Attr      Idx    E Section Name        Object

    0x20000000   0x080045d0   0x0000000c   Data   RW          239    .data               freertos.o
    0x2000000c   0x080045dc   0x0000000c   Data   RW         2741    .data               stm32f4xx_hal.o
    0x20000018   0x080045e8   0x00000004   Data   RW         2986    .data               system_stm32f4xx.o
    0x2000001c   0x080045ec   0x0000003c   Data   RW         3665    .data               tasks.o
    0x20000058   0x08004628   0x00000018   Data   RW         4295    .data               heap_4.o
    0x20000070   0x08004640   0x0000000c   Data   RW         4358    .data               port.o
    0x2000007c   0x0800464c   0x00000004   Data   RW         4797    .data               mc_w.l(stdout.o)
    0x20000080   0x08004650   0x00000004   Data   RW         4809    .data               mc_w.l(errno.o)
    0x20000084        -       0x0000027c   Zero   RW          236    .bss                freertos.o
    0x20000300        -       0x00000040   Zero   RW          295    .bss                tim.o
    0x20000340        -       0x00000040   Zero   RW          342    .bss                usart.o
    0x20000380        -       0x00000040   Zero   RW          478    .bss                stm32f4xx_hal_timebase_tim.o
    0x200003c0        -       0x000000f0   Zero   RW         3664    .bss                tasks.o
    0x200004b0        -       0x00003c00   Zero   RW         4294    .bss                heap_4.o
    0x200040b0        -       0x00000400   Zero   RW            1    STACK               startup_stm32f427xx.o


==============================================================================

Image component sizes


      Code (inc. data)   RO Data    RW Data    ZI Data      Debug   Object Name

       556         62          0          0          0       1207   caculate.o
       158          0          0          0          0      23023   cmsis_os.o
         0          0          0          0          0      18076   event_groups.o
       384         76        104         12        636       3705   freertos.o
       124          8          0          0          0        899   gpio.o
        96         12          0          0          0       1619   grip.o
       460         24          0         24      15360       7231   heap_4.o
       138          0          0          0          0       3470   list.o
       234         22          0          0          0     768256   main.o
       702         72          0         12          0      10948   port.o
        24          4          0          0          0       1692   printf.o
      1276         14          0          0          0      12235   queue.o
        36          8        428          0       1024        824   startup_stm32f427xx.o
       116         18          0         12          0       8774   stm32f4xx_hal.o
       158         14          0          0          0      33098   stm32f4xx_hal_cortex.o
        36          0          0          0          0       1187   stm32f4xx_hal_dma.o
       478         54          0          0          0       2376   stm32f4xx_hal_gpio.o
        56          4          0          0          0        814   stm32f4xx_hal_msp.o
      1396         92          0          0          0       5805   stm32f4xx_hal_rcc.o
      1720         90          0          0          0      16214   stm32f4xx_hal_tim.o
       148         28          0          0          0       2405   stm32f4xx_hal_tim_ex.o
       116         16          0          0         64       1359   stm32f4xx_hal_timebase_tim.o
      1254         16          0          0          0       9383   stm32f4xx_hal_uart.o
        36         12          0          0          0       3564   stm32f4xx_it.o
         0          0          0          0          0        384   stream_buffer.o
        28          6         24          4          0       1095   system_stm32f4xx.o
      1994        148          0         60        240      21898   tasks.o
       316         20          0          0         64       2296   tim.o
       176         20          0          0         64       1634   usart.o

    ----------------------------------------------------------------------
     12248        840        588        124      17452     965471   Object Totals
         0          0         32          0          0          0   (incl. Generated)
        32          0          0          0          0          0   (incl. Padding)

    ----------------------------------------------------------------------

      Code (inc. data)   RO Data    RW Data    ZI Data      Debug   Library Member Name

       280         46          0          0          0        176   acosf.o
       352         56          0          0          0        172   atanf.o
        20          0          0          0          0        124   fabs.o
        38          0          0          0          0        116   fpclassifyf.o
        38         12          0          0          0        348   funder.o
       122          0          0          0          0        148   sqrt.o
        62          0          0          0          0        136   sqrtf.o
         0          0          0          0          0          0   entry.o
         0          0          0          0          0          0   entry10a.o
         0          0          0          0          0          0   entry11a.o
         8          4          0          0          0          0   entry2.o
         4          0          0          0          0          0   entry5.o
         0          0          0          0          0          0   entry7b.o
         0          0          0          0          0          0   entry8b.o
         8          4          0          0          0          0   entry9a.o
        12          6          0          4          0         68   errno.o
        30          0          0          0          0          0   handlers.o
        36          8          0          0          0         68   init.o
         0          0          0          0          0          0   iusefp.o
        30          0          0          0          0         68   llshl.o
        36          0          0          0          0         68   llsshr.o
        32          0          0          0          0         68   llushr.o
        36          0          0          0          0         68   memcpya.o
        36          0          0          0          0        108   memseta.o
      2226         90          0          0          0        444   printfa.o
         0          0          0          4          0          0   stdout.o
        44          0          0          0          0         80   uidiv.o
        98          0          0          0          0         92   uldiv.o
        48          0          0          0          0         68   cdcmple.o
        48          0          0          0          0         68   cdrcmple.o
        56          0          0          0          0         88   d2f.o
       334          0          0          0          0        148   dadd.o
       222          0          0          0          0        100   ddiv.o
       186          0          0          0          0        176   depilogue.o
        48          0          0          0          0         68   dfixul.o
       228          0          0          0          0         96   dmul.o
       162          0          0          0          0        100   dsqrt.o
        38          0          0          0          0         68   f2d.o
       110          0          0          0          0        168   fepilogue.o

    ----------------------------------------------------------------------
      5036        226          0          8          0       3500   Library Totals
         8          0          0          0          0          0   (incl. Padding)

    ----------------------------------------------------------------------

      Code (inc. data)   RO Data    RW Data    ZI Data      Debug   Library Name

       912        114          0          0          0       1220   m_wm.l
      2636        112          0          8          0       1132   mc_w.l
      1480          0          0          0          0       1148   mf_w.l

    ----------------------------------------------------------------------
      5036        226          0          8          0       3500   Library Totals

    ----------------------------------------------------------------------

==============================================================================


      Code (inc. data)   RO Data    RW Data    ZI Data      Debug   

     17284       1066        588        132      17452     954131   Grand Totals
     17284       1066        588        132      17452     954131   ELF Image Totals
     17284       1066        588        132          0          0   ROM Totals

==============================================================================

    Total RO  Size (Code + RO Data)                17872 (  17.45kB)
    Total RW  Size (RW Data + ZI Data)             17584 (  17.17kB)
    Total ROM Size (Code + RO Data + RW Data)      18004 (  17.58kB)

==============================================================================

