<html>
<body>
<pre>
<h1>礦ision Build Log</h1>
<h2>Tool Versions:</h2>
IDE-Version: μVision V5.25.3.0
Copyright (C) 2018 ARM Ltd and ARM Germany GmbH. All rights reserved.
License Information: 123 123, 123, LIC=3UUKP-MV93B-EZZWX-HWEMF-A7NG6-02RQE
 
Tool Versions:
Toolchain:       MDK-ARM Professional  Version: 5.18
Toolchain Path:  G:\keil\ARM\ARMCC\Bin
C Compiler:      Armcc.exe V5.06 update 1 (build 61)
Assembler:       Armasm.exe V5.06 update 1 (build 61)
Linker/Locator:  ArmLink.exe V5.06 update 1 (build 61)
Library Manager: ArmAr.exe V5.06 update 1 (build 61)
Hex Converter:   FromElf.exe V5.06 update 1 (build 61)
CPU DLL:         SARMCM3.DLL V5.18
Dialog DLL:      DCM.DLL V1.13.6.0
Target DLL:      STLink\ST-LINKIII-KEIL_SWO.dll V2.0.18.0
Dialog DLL:      TCM.DLL V1.14.8.0
 
<h2>Project:</h2>
E:\stm32-relevent\cube\training1_f103\MDK-ARM\training1_f103.uvprojx
Project File Date:  12/25/2021

<h2>Output:</h2>
*** Using Compiler 'V5.06 update 1 (build 61)', folder: 'G:\keil\ARM\ARMCC\Bin'
Rebuild target 'training1_f103'
assembling startup_stm32f103x6.s...
compiling main.c...
../Inc/hmi.h(9): warning:  #1-D: last line of file ends without a newline
  #endif
../Src/main.c(62): warning:  #1295-D: Deprecated declaration read_cnt - give arg types
  uint32_t read_cnt();
../Src/main.c(118): warning:  #111-D: statement is unreachable
  	HAL_TIM_PWM_Start(&htim1, TIM_CHANNEL_1);
../Src/main.c(130): warning:  #223-D: function "sprintf" declared implicitly
  		sprintf((char *)buf,"n0.val=%d",pwm); //强??????转化，转化为?址?
../Src/main.c(131): warning:  #167-D: argument of type "char *" is incompatible with parameter of type "uint8_t *"
  		HMISends((char *)buf); //发??Ri???莞?page0页?娴?t3?谋究丶?
../Src/main.c: 5 warnings, 0 errors
compiling gpio.c...
compiling tim.c...
compiling usart.c...
compiling stm32f1xx_it.c...
compiling stm32f1xx_hal_msp.c...
compiling stm32f1xx_hal_gpio_ex.c...
compiling stm32f1xx_hal_tim_ex.c...
compiling stm32f1xx_hal_tim.c...
compiling stm32f1xx_hal_uart.c...
compiling stm32f1xx_hal.c...
compiling stm32f1xx_hal_rcc.c...
compiling stm32f1xx_hal_rcc_ex.c...
compiling stm32f1xx_hal_gpio.c...
compiling stm32f1xx_hal_dma.c...
compiling stm32f1xx_hal_cortex.c...
compiling stm32f1xx_hal_pwr.c...
compiling stm32f1xx_hal_flash.c...
compiling stm32f1xx_hal_flash_ex.c...
compiling stm32f1xx_hal_exti.c...
compiling system_stm32f1xx.c...
compiling hmi.c...
../Inc/hmi.h(9): warning:  #1-D: last line of file ends without a newline
  #endif
hmi.c(34): warning:  #1-D: last line of file ends without a newline
  }
hmi.c: 2 warnings, 0 errors
linking...
Program Size: Code=6188 RO-data=292 RW-data=36 ZI-data=1236  
FromELF: creating hex file...
"training1_f103\training1_f103.axf" - 0 Error(s), 7 Warning(s).

<h2>Software Packages used:</h2>

Package Vendor: ARM
                http://www.keil.com/pack/ARM.CMSIS.4.5.0.pack
                ARM.CMSIS.4.5.0
                CMSIS (Cortex Microcontroller Software Interface Standard)
   * Component: CORE Version: 4.3.0

Package Vendor: Keil
                http://www.keil.com/pack/Keil.STM32F1xx_DFP.2.4.0.pack
                Keil.STM32F1xx_DFP.2.4.0
                STMicroelectronics STM32F1 Series Device Support, Drivers and Examples

<h2>Collection of Component include folders:</h2>
  .\RTE\_training1_f103
  G:\keil\ARM\PACK\ARM\CMSIS\4.5.0\CMSIS\Include
  G:\keil\ARM\PACK\Keil\STM32F1xx_DFP\2.4.0\Device\Include

<h2>Collection of Component Files used:</h2>

   * Component: ARM::CMSIS:CORE:4.3.0
Build Time Elapsed:  00:01:07
</pre>
</body>
</html>
