<html>
<body>
<pre>
<h1>µVision Build Log</h1>
<h2>Tool Versions:</h2>
IDE-Version: ¦ÌVision V5.25.3.0
Copyright (C) 2018 ARM Ltd and ARM Germany GmbH. All rights reserved.
License Information: 123 2495231672@qq.com, 123, LIC=HF8SB-2WPT0-SEIH0-BM8T6-5MI3S-DI9YK
 
Tool Versions:
Toolchain:       MDK-ARM Professional  Version: 5.18
Toolchain Path:  D:\keil5\ARM\ARMCC\Bin
C Compiler:      Armcc.exe V5.06 update 1 (build 61)
Assembler:       Armasm.exe V5.06 update 1 (build 61)
Linker/Locator:  ArmLink.exe V5.06 update 1 (build 61)
Library Manager: ArmAr.exe V5.06 update 1 (build 61)
Hex Converter:   FromElf.exe V5.06 update 1 (build 61)
CPU DLL:         SARMCM3.DLL V5.18
Dialog DLL:      DCM.DLL V1.13.6.0
Target DLL:      STLink\ST-LINKIII-KEIL_SWO.dll V2.0.18.0
Dialog DLL:      TCM.DLL V1.14.8.0
 
<h2>Project:</h2>
D:\stm32-relevent\cube\Queue_try\MDK-ARM\Queue_try.uvprojx
Project File Date:  02/03/2022

<h2>Output:</h2>
*** Using Compiler 'V5.06 update 1 (build 61)', folder: 'D:\keil5\ARM\ARMCC\Bin'
Rebuild target 'Queue_try'
assembling startup_stm32f427xx.s...
compiling gpio.c...
compiling usart.c...
compiling stm32f4xx_hal_msp.c...
compiling printf.c...
compiling stm32f4xx_it.c...
compiling freertos.c...
../Src/freertos.c(184): warning:  #223-D: function "printf" declared implicitly
  			printf("send: %s \n", recevie_msg);
../Src/freertos.c(226): warning:  #188-D: enumerated type mixed with another type
  			HAL_GPIO_WritePin(
PIOG, led[0], 0);
../Src/freertos.c(229): warning:  #223-D: function "printf" declared implicitly
  				printf("receive: %s \n",lReceivedValue);
../Src/freertos.c(234): warning:  #223-D: function "strcmp" declared implicitly
  				if(strcmp(lReceivedValue, sendmsg[i]) == 0)
../Src/freertos.c(236): warning:  #188-D: enumerated type mixed with another type
  					HAL_GPIO_WritePin(
PIOG, led[i], 0);
../Src/freertos.c(207): warning:  #177-D: variable "receiveData" was declared but never referenced
  	struct Msg receiveData;
../Src/freertos.c(209): warning:  #177-D: variable "event" was declared but never referenced
  	osEvent event;
../Src/freertos.c(210): warning:  #177-D: variable "u8Index" was declared but never referenced
  	uint8_t u8Index;
../Src/freertos.c: 8 warnings, 0 errors
compiling main.c...
compiling stm32f4xx_hal_timebase_tim.c...
compiling stm32f4xx_hal_tim_ex.c...
compiling stm32f4xx_hal_tim.c...
compiling stm32f4xx_hal_uart.c...
compiling stm32f4xx_hal_rcc.c...
compiling stm32f4xx_hal_flash.c...
compiling stm32f4xx_hal_rcc_ex.c...
compiling stm32f4xx_hal_flash_ex.c...
compiling stm32f4xx_hal_flash_ramfunc.c...
compiling stm32f4xx_hal_pwr_ex.c...
compiling stm32f4xx_hal_dma.c...
compiling stm32f4xx_hal_dma_ex.c...
compiling stm32f4xx_hal_gpio.c...
compiling croutine.c...
compiling stm32f4xx_hal_pwr.c...
compiling list.c...
compiling event_groups.c...
compiling queue.c...
compiling stream_buffer.c...
compiling timers.c...
compiling tasks.c...
compiling heap_4.c...
compiling cmsis_os.c...
compiling port.c...
compiling stm32f4xx_hal_cortex.c...
compiling stm32f4xx_hal.c...
compiling system_stm32f4xx.c...
compiling stm32f4xx_hal_exti.c...
linking...
Program Size: Code=9900 RO-data=672 RW-data=156 ZI-data=17348  
FromELF: creating hex file...
"Queue_try\Queue_try.axf" - 0 Error(s), 8 Warning(s).

<h2>Software Packages used:</h2>

Package Vendor: ARM
                http://www.keil.com/pack/ARM.CMSIS.5.8.0.pack
                ARM.CMSIS.5.8.0
                CMSIS (Common Microcontroller Software Interface Standard)
   * Component: CORE Version: 5.5.0

Package Vendor: Keil
                http://www.keil.com/pack/Keil.STM32F4xx_DFP.2.15.0.pack
                Keil.STM32F4xx_DFP.2.15.0
                STMicroelectronics STM32F4 Series Device Support, Drivers and Examples

<h2>Collection of Component include folders:</h2>
  .\RTE\_Queue_try
  D:\keil\ARM\PACK\ARM\CMSIS\5.8.0\CMSIS\Core\Include
  D:\keil\ARM\PACK\Keil\STM32F4xx_DFP\2.15.0\Drivers\CMSIS\Device\ST\STM32F4xx\Include

<h2>Collection of Component Files used:</h2>

   * Component: ARM::CMSIS:CORE:5.5.0
Build Time Elapsed:  00:00:22
</pre>
</body>
</html>
